
     Program PROJWFC v.7.5 starts on 27Aug2026 at 12:25:41 

     This program is part of the open-source Quantum ESPRESSO suite
     for quantum simulation of materials; please cite
         "P. Giannozzi et al., J. Phys.:Condens. Matter 21 395502 (2009);
         "P. Giannozzi et al., J. Phys.:Condens. Matter 29 465901 (2017);
         "P. Giannozzi et al., J. Chem. Phys. 152 154105 (2020);
          URL http://www.quantum-espresso.org", 
     in publications or presentations arising from this work. More details at
     http://www.quantum-espresso.org/quote

     Parallel version (MPI & OpenMP), running on       8 processor cores
     Number of MPI processes:                 4
     Threads/MPI process:                     2

     MPI processes distributed on     1 nodes
     R & G space division:  proc/nbgrp/npool/nimage =       4
     2966 MiB available memory on the printing compute node when the environment starts


     Reading xml data from directory:

     ./tmp/Al_Electronic.save/

     IMPORTANT: XC functional enforced from input :
     Exchange-correlation= PBE
                           (   1   4   3   4   0   0   0)
     Any further DFT definition will be discarded
     Please, verify this is what you really want


     Parallelization info
     --------------------
     sticks:   dense  smooth     PW     G-vecs:    dense   smooth      PW
     Min         127     127     40                 1947     1947     362
     Max         128     128     41                 1951     1951     366
     Sum         511     511    163                 7799     7799    1459

     Using Slab Decomposition


     Gaussian broadening (read from input): ngauss,degauss=   0    0.010000


     Calling projwave .... 
     Subspace diagonalization in iterative solution of the eigenvalue problem:
     one sub-group per band group will be used
     ELPA distributed-memory algorithm (size of sub-group:  2*  2 procs)

     linear algebra parallelized on   4 procs

  Problem Sizes 
  natomwfc =            4
  nx       =            2
  nbnd     =            6
  nkstot   =          120
  npwx     =          254
  nkb      =           18


     Atomic states used for projection
     (read from pseudopotential files):

     state #   1: atom   1 (Al ), wfc  1 (l=0 m= 1)
     state #   2: atom   1 (Al ), wfc  2 (l=1 m= 1)
     state #   3: atom   1 (Al ), wfc  2 (l=1 m= 2)
     state #   4: atom   1 (Al ), wfc  2 (l=1 m= 3)

 k =   0.0000000000  0.0000000000  0.0000000000
==== e(   1) =    -3.20278 eV ==== 
     psi = 0.998*[#   1]
    |psi|^2 = 0.998
==== e(   2) =    20.56822 eV ==== 

    |psi|^2 = 0.000
==== e(   3) =    20.56824 eV ==== 

    |psi|^2 = 0.000
==== e(   4) =    22.05423 eV ==== 
     psi = 0.308*[#   2]+0.308*[#   3]+0.308*[#   4]
    |psi|^2 = 0.924
==== e(   5) =    22.05424 eV ==== 
     psi = 0.308*[#   2]+0.308*[#   3]+0.308*[#   4]
    |psi|^2 = 0.924
==== e(   6) =    22.05424 eV ==== 
     psi = 0.308*[#   2]+0.308*[#   3]+0.308*[#   4]
    |psi|^2 = 0.924

 k =   0.0471404521  0.0471404521 -0.0471404521
==== e(   1) =    -3.08186 eV ==== 
     psi = 0.863*[#   1]+0.045*[#   2]+0.045*[#   3]+0.045*[#   4]
    |psi|^2 = 0.998
==== e(   2) =    18.61942 eV ==== 
     psi = 0.122*[#   2]+0.122*[#   3]+0.122*[#   4]+0.059*[#   1]
    |psi|^2 = 0.426
==== e(   3) =    20.15508 eV ==== 
     psi = 0.092*[#   2]+0.092*[#   3]+0.092*[#   4]
    |psi|^2 = 0.277
==== e(   4) =    20.15516 eV ==== 
     psi = 0.093*[#   2]+0.093*[#   3]+0.093*[#   4]
    |psi|^2 = 0.278
==== e(   5) =    22.65360 eV ==== 
     psi = 0.218*[#   2]+0.218*[#   3]+0.218*[#   4]
    |psi|^2 = 0.653
==== e(   6) =    22.65862 eV ==== 
     psi = 0.205*[#   2]+0.205*[#   3]+0.205*[#   4]+0.010*[#   1]
    |psi|^2 = 0.625

 k =   0.0942809042  0.0942809042 -0.0942809042
==== e(   1) =    -2.71970 eV ==== 
     psi = 0.638*[#   1]+0.120*[#   2]+0.120*[#   3]+0.120*[#   4]
    |psi|^2 = 0.998
==== e(   2) =    15.92987 eV ==== 
     psi = 0.234*[#   1]+0.136*[#   2]+0.136*[#   3]+0.136*[#   4]
    |psi|^2 = 0.643
==== e(   3) =    19.55448 eV ==== 
     psi = 0.163*[#   2]+0.163*[#   3]+0.163*[#   4]
    |psi|^2 = 0.488
==== e(   4) =    19.55449 eV ==== 
     psi = 0.163*[#   2]+0.163*[#   3]+0.163*[#   4]
    |psi|^2 = 0.489
==== e(   5) =    22.64707 eV ==== 
     psi = 0.095*[#   1]+0.052*[#   2]+0.052*[#   3]+0.052*[#   4]
    |psi|^2 = 0.250
==== e(   6) =    23.71934 eV ==== 
     psi = 0.159*[#   2]+0.159*[#   3]+0.159*[#   4]
    |psi|^2 = 0.477

 k =   0.1414213562  0.1414213562 -0.1414213562
==== e(   1) =    -2.11811 eV ==== 
     psi = 0.481*[#   1]+0.172*[#   2]+0.172*[#   3]+0.172*[#   4]
    |psi|^2 = 0.997
==== e(   2) =    13.28437 eV ==== 
     psi = 0.406*[#   1]+0.126*[#   2]+0.126*[#   3]+0.126*[#   4]
    |psi|^2 = 0.785
==== e(   3) =    19.08840 eV ==== 
     psi = 0.198*[#   2]+0.198*[#   3]+0.198*[#   4]
    |psi|^2 = 0.593
==== e(   4) =    19.08844 eV ==== 
     psi = 0.198*[#   2]+0.198*[#   3]+0.198*[#   4]
    |psi|^2 = 0.594
==== e(   5) =    22.43521 eV ==== 
     psi = 0.077*[#   1]+0.021*[#   2]+0.021*[#   3]+0.021*[#   4]
    |psi|^2 = 0.139
==== e(   6) =    23.58621 eV ==== 
     psi = 0.091*[#   2]+0.091*[#   3]+0.091*[#   4]
    |psi|^2 = 0.274

 k =   0.1885618083  0.1885618083 -0.1885618083
==== e(   1) =    -1.28004 eV ==== 
     psi = 0.399*[#   1]+0.199*[#   2]+0.199*[#   3]+0.199*[#   4]
    |psi|^2 = 0.997
==== e(   2) =    10.77730 eV ==== 
     psi = 0.523*[#   1]+0.118*[#   2]+0.118*[#   3]+0.118*[#   4]
    |psi|^2 = 0.877
==== e(   3) =    18.80612 eV ==== 
     psi = 0.211*[#   2]+0.211*[#   3]+0.211*[#   4]
    |psi|^2 = 0.632
==== e(   4) =    18.80615 eV ==== 
     psi = 0.211*[#   2]+0.211*[#   3]+0.211*[#   4]
    |psi|^2 = 0.632
==== e(   5) =    22.28681 eV ==== 
     psi = 0.051*[#   1]+0.008*[#   2]+0.008*[#   3]+0.008*[#   4]
    |psi|^2 = 0.076
==== e(   6) =    22.40583 eV ==== 
     psi = 0.084*[#   2]+0.084*[#   3]+0.084*[#   4]
    |psi|^2 = 0.253

 k =   0.2357022604  0.2357022604 -0.2357022604
==== e(   1) =    -0.20952 eV ==== 
     psi = 0.370*[#   1]+0.209*[#   2]+0.209*[#   3]+0.209*[#   4]
    |psi|^2 = 0.996
==== e(   2) =     8.44230 eV ==== 
     psi = 0.580*[#   1]+0.118*[#   2]+0.118*[#   3]+0.118*[#   4]
    |psi|^2 = 0.933
==== e(   3) =    18.71987 eV ==== 
     psi = 0.209*[#   2]+0.209*[#   3]+0.209*[#   4]
    |psi|^2 = 0.627
==== e(   4) =    18.71988 eV ==== 
     psi = 0.209*[#   2]+0.209*[#   3]+0.209*[#   4]
    |psi|^2 = 0.627
==== e(   5) =    21.30984 eV ==== 
     psi = 0.099*[#   2]+0.099*[#   3]+0.099*[#   4]
    |psi|^2 = 0.298
==== e(   6) =    21.30988 eV ==== 
     psi = 0.099*[#   2]+0.099*[#   3]+0.099*[#   4]
    |psi|^2 = 0.298

 k =   0.2828427125  0.2828427125 -0.2828427125
==== e(   1) =     1.08826 eV ==== 
     psi = 0.379*[#   1]+0.205*[#   2]+0.205*[#   3]+0.205*[#   4]
    |psi|^2 = 0.995
==== e(   2) =     6.29704 eV ==== 
     psi = 0.588*[#   1]+0.126*[#   2]+0.126*[#   3]+0.126*[#   4]
    |psi|^2 = 0.965
==== e(   3) =    18.83392 eV ==== 
     psi = 0.198*[#   2]+0.198*[#   3]+0.198*[#   4]
    |psi|^2 = 0.595
==== e(   4) =    18.83392 eV ==== 
     psi = 0.198*[#   2]+0.198*[#   3]+0.198*[#   4]
    |psi|^2 = 0.595
==== e(   5) =    20.39219 eV ==== 
     psi = 0.120*[#   2]+0.120*[#   3]+0.120*[#   4]
    |psi|^2 = 0.359
==== e(   6) =    20.39231 eV ==== 
     psi = 0.120*[#   2]+0.120*[#   3]+0.120*[#   4]
    |psi|^2 = 0.359

 k =   0.3299831646  0.3299831646 -0.3299831646
==== e(   1) =     2.60444 eV ==== 
     psi = 0.391*[#   1]+0.200*[#   2]+0.200*[#   3]+0.200*[#   4]
    |psi|^2 = 0.992
==== e(   2) =     4.35604 eV ==== 
     psi = 0.584*[#   1]+0.132*[#   2]+0.132*[#   3]+0.132*[#   4]
    |psi|^2 = 0.981
==== e(   3) =    19.14974 eV ==== 
     psi = 0.188*[#   2]+0.188*[#   3]+0.188*[#   4]
    |psi|^2 = 0.565
==== e(   4) =    19.14976 eV ==== 
     psi = 0.188*[#   2]+0.188*[#   3]+0.188*[#   4]
    |psi|^2 = 0.565
==== e(   5) =    19.67157 eV ==== 
     psi = 0.134*[#   2]+0.134*[#   3]+0.134*[#   4]
    |psi|^2 = 0.403
==== e(   6) =    19.67162 eV ==== 
     psi = 0.134*[#   2]+0.134*[#   3]+0.134*[#   4]
    |psi|^2 = 0.403

 k =   0.0942809042  0.0000000000  0.0000000000
==== e(   1) =    -3.04157 eV ==== 
     psi = 0.826*[#   1]+0.057*[#   2]+0.057*[#   3]+0.057*[#   4]
    |psi|^2 = 0.998
==== e(   2) =    19.26615 eV ==== 
     psi = 0.166*[#   2]+0.166*[#   3]+0.166*[#   4]
    |psi|^2 = 0.497
==== e(   3) =    19.26615 eV ==== 
     psi = 0.166*[#   2]+0.166*[#   3]+0.166*[#   4]
    |psi|^2 = 0.497
==== e(   4) =    19.55122 eV ==== 

    |psi|^2 = 0.000
==== e(   5) =    21.67693 eV ==== 
     psi = 0.246*[#   2]+0.246*[#   3]+0.246*[#   4]+0.160*[#   1]
    |psi|^2 = 0.898
==== e(   6) =    23.58997 eV ==== 
     psi = 0.147*[#   2]+0.147*[#   3]+0.147*[#   4]
    |psi|^2 = 0.440

 k =   0.1414213562  0.0471404521 -0.0471404521
==== e(   1) =    -2.75989 eV ==== 
     psi = 0.650*[#   1]+0.116*[#   2]+0.116*[#   3]+0.116*[#   4]
    |psi|^2 = 0.998
==== e(   2) =    16.87047 eV ==== 
     psi = 0.156*[#   2]+0.156*[#   3]+0.156*[#   4]+0.102*[#   1]
    |psi|^2 = 0.571
==== e(   3) =    18.51950 eV ==== 
     psi = 0.210*[#   2]+0.210*[#   3]+0.210*[#   4]
    |psi|^2 = 0.631
==== e(   4) =    19.62768 eV ==== 
     psi = 0.073*[#   1]+0.044*[#   2]+0.044*[#   3]+0.044*[#   4]
    |psi|^2 = 0.205
==== e(   5) =    21.91617 eV ==== 
     psi = 0.224*[#   2]+0.224*[#   3]+0.224*[#   4]+0.118*[#   1]
    |psi|^2 = 0.790
==== e(   6) =    23.91213 eV ==== 
     psi = 0.052*[#   2]+0.052*[#   3]+0.052*[#   4]+0.003*[#   1]
    |psi|^2 = 0.158

 k =   0.1885618083  0.0942809042 -0.0942809042
==== e(   1) =    -2.23822 eV ==== 
     psi = 0.495*[#   1]+0.167*[#   2]+0.167*[#   3]+0.167*[#   4]
    |psi|^2 = 0.997
==== e(   2) =    14.22789 eV ==== 
     psi = 0.275*[#   1]+0.157*[#   2]+0.157*[#   3]+0.157*[#   4]
    |psi|^2 = 0.746
==== e(   3) =    17.95973 eV ==== 
     psi = 0.238*[#   2]+0.238*[#   3]+0.238*[#   4]
    |psi|^2 = 0.713
==== e(   4) =    19.33213 eV ==== 
     psi = 0.109*[#   1]+0.080*[#   2]+0.080*[#   3]+0.080*[#   4]
    |psi|^2 = 0.348
==== e(   5) =    22.14177 eV ==== 
     psi = 0.136*[#   2]+0.136*[#   3]+0.136*[#   4]+0.049*[#   1]
    |psi|^2 = 0.456
==== e(   6) =    23.30016 eV ==== 
     psi = 0.078*[#   2]+0.078*[#   3]+0.078*[#   4]+0.003*[#   1]
    |psi|^2 = 0.237

 k =   0.2357022604  0.1414213562 -0.1414213562
==== e(   1) =    -1.47915 eV ==== 
     psi = 0.403*[#   1]+0.198*[#   2]+0.198*[#   3]+0.198*[#   4]
    |psi|^2 = 0.997
==== e(   2) =    11.68312 eV ==== 
     psi = 0.417*[#   1]+0.147*[#   2]+0.147*[#   3]+0.147*[#   4]
    |psi|^2 = 0.856
==== e(   3) =    17.59775 eV ==== 
     psi = 0.251*[#   2]+0.251*[#   3]+0.251*[#   4]
    |psi|^2 = 0.754
==== e(   4) =    19.04624 eV ==== 
     psi = 0.106*[#   2]+0.106*[#   3]+0.106*[#   4]+0.089*[#   1]
    |psi|^2 = 0.407
==== e(   5) =    20.85798 eV ==== 
     psi = 0.110*[#   2]+0.110*[#   3]+0.110*[#   4]+0.039*[#   1]
    |psi|^2 = 0.368
==== e(   6) =    23.61272 eV ==== 
     psi = 0.044*[#   2]+0.044*[#   3]+0.044*[#   4]+0.015*[#   1]
    |psi|^2 = 0.147

 k =   0.2828427125  0.1885618083 -0.1885618083
==== e(   1) =    -0.48635 eV ==== 
     psi = 0.362*[#   1]+0.212*[#   2]+0.212*[#   3]+0.212*[#   4]
    |psi|^2 = 0.997
==== e(   2) =     9.29499 eV ==== 
     psi = 0.504*[#   1]+0.139*[#   2]+0.139*[#   3]+0.139*[#   4]
    |psi|^2 = 0.922
==== e(   3) =    17.43731 eV ==== 
     psi = 0.255*[#   2]+0.255*[#   3]+0.255*[#   4]
    |psi|^2 = 0.764
==== e(   4) =    18.91497 eV ==== 
     psi = 0.104*[#   2]+0.104*[#   3]+0.104*[#   4]+0.059*[#   1]
    |psi|^2 = 0.371
==== e(   5) =    19.66280 eV ==== 
     psi = 0.143*[#   2]+0.143*[#   3]+0.143*[#   4]+0.044*[#   1]
    |psi|^2 = 0.473
==== e(   6) =    23.10808 eV ==== 
     psi = 0.059*[#   2]+0.059*[#   3]+0.059*[#   4]
    |psi|^2 = 0.176

 k =   0.3299831646  0.2357022604 -0.2357022604
==== e(   1) =     0.73538 eV ==== 
     psi = 0.360*[#   1]+0.212*[#   2]+0.212*[#   3]+0.212*[#   4]
    |psi|^2 = 0.996
==== e(   2) =     7.08878 eV ==== 
     psi = 0.540*[#   1]+0.140*[#   2]+0.140*[#   3]+0.140*[#   4]
    |psi|^2 = 0.959
==== e(   3) =    17.48015 eV ==== 
     psi = 0.250*[#   2]+0.250*[#   3]+0.250*[#   4]
    |psi|^2 = 0.749
==== e(   4) =    18.63757 eV ==== 
     psi = 0.106*[#   2]+0.106*[#   3]+0.106*[#   4]+0.023*[#   1]
    |psi|^2 = 0.341
==== e(   5) =    18.99414 eV ==== 
     psi = 0.164*[#   2]+0.164*[#   3]+0.164*[#   4]+0.060*[#   1]
    |psi|^2 = 0.552
==== e(   6) =    22.14527 eV ==== 
     psi = 0.071*[#   2]+0.071*[#   3]+0.071*[#   4]
    |psi|^2 = 0.214

 k =   0.3771236166  0.2828427125 -0.2828427125
==== e(   1) =     2.17929 eV ==== 
     psi = 0.378*[#   1]+0.205*[#   2]+0.205*[#   3]+0.205*[#   4]
    |psi|^2 = 0.994
==== e(   2) =     5.08006 eV ==== 
     psi = 0.540*[#   1]+0.146*[#   2]+0.146*[#   3]+0.146*[#   4]
    |psi|^2 = 0.979
==== e(   3) =    17.72729 eV ==== 
     psi = 0.238*[#   2]+0.238*[#   3]+0.238*[#   4]
    |psi|^2 = 0.713
==== e(   4) =    17.83630 eV ==== 
     psi = 0.167*[#   2]+0.167*[#   3]+0.167*[#   4]+0.033*[#   1]
    |psi|^2 = 0.534
==== e(   5) =    19.25560 eV ==== 
     psi = 0.117*[#   2]+0.117*[#   3]+0.117*[#   4]+0.037*[#   1]
    |psi|^2 = 0.388
==== e(   6) =    21.36646 eV ==== 
     psi = 0.086*[#   2]+0.086*[#   3]+0.086*[#   4]
    |psi|^2 = 0.259

 k =  -0.2828427125 -0.3771236166  0.3771236166
==== e(   1) =     3.24750 eV ==== 
     psi = 0.281*[#   1]+0.237*[#   2]+0.237*[#   3]+0.237*[#   4]
    |psi|^2 = 0.994
==== e(   2) =     3.87032 eV ==== 
     psi = 0.642*[#   1]+0.114*[#   2]+0.114*[#   3]+0.114*[#   4]
    |psi|^2 = 0.983
==== e(   3) =    17.23573 eV ==== 
     psi = 0.195*[#   2]+0.195*[#   3]+0.195*[#   4]+0.038*[#   1]
    |psi|^2 = 0.623
==== e(   4) =    18.17916 eV ==== 
     psi = 0.221*[#   2]+0.221*[#   3]+0.221*[#   4]
    |psi|^2 = 0.664
==== e(   5) =    19.73055 eV ==== 
     psi = 0.095*[#   2]+0.095*[#   3]+0.095*[#   4]+0.029*[#   1]
    |psi|^2 = 0.315
==== e(   6) =    20.78373 eV ==== 
     psi = 0.102*[#   2]+0.102*[#   3]+0.102*[#   4]
    |psi|^2 = 0.305

 k =  -0.2357022604 -0.3299831646  0.3299831646
==== e(   1) =     1.67401 eV ==== 
     psi = 0.372*[#   1]+0.207*[#   2]+0.207*[#   3]+0.207*[#   4]
    |psi|^2 = 0.995
==== e(   2) =     5.72629 eV ==== 
     psi = 0.542*[#   1]+0.144*[#   2]+0.144*[#   3]+0.144*[#   4]
    |psi|^2 = 0.974
==== e(   3) =    16.84411 eV ==== 
     psi = 0.214*[#   2]+0.214*[#   3]+0.214*[#   4]+0.046*[#   1]
    |psi|^2 = 0.687
==== e(   4) =    18.83446 eV ==== 
     psi = 0.205*[#   2]+0.205*[#   3]+0.205*[#   4]
    |psi|^2 = 0.616
==== e(   5) =    20.40231 eV ==== 
     psi = 0.112*[#   2]+0.112*[#   3]+0.112*[#   4]
    |psi|^2 = 0.335
==== e(   6) =    20.41098 eV ==== 
     psi = 0.076*[#   2]+0.076*[#   3]+0.076*[#   4]+0.026*[#   1]
    |psi|^2 = 0.253

 k =  -0.1885618083 -0.2828427125  0.2828427125
==== e(   1) =     0.30307 eV ==== 
     psi = 0.357*[#   1]+0.213*[#   2]+0.213*[#   3]+0.213*[#   4]
    |psi|^2 = 0.996
==== e(   2) =     7.80183 eV ==== 
     psi = 0.534*[#   1]+0.138*[#   2]+0.138*[#   3]+0.138*[#   4]
    |psi|^2 = 0.949
==== e(   3) =    16.66285 eV ==== 
     psi = 0.223*[#   2]+0.223*[#   3]+0.223*[#   4]+0.060*[#   1]
    |psi|^2 = 0.727
==== e(   4) =    19.68000 eV ==== 
     psi = 0.219*[#   2]+0.219*[#   3]+0.219*[#   4]
    |psi|^2 = 0.658
==== e(   5) =    20.23294 eV ==== 
     psi = 0.087*[#   2]+0.087*[#   3]+0.087*[#   4]
    |psi|^2 = 0.261
==== e(   6) =    21.28879 eV ==== 
     psi = 0.059*[#   2]+0.059*[#   3]+0.059*[#   4]+0.024*[#   1]
    |psi|^2 = 0.201

 k =  -0.1414213562 -0.2357022604  0.2357022604
==== e(   1) =    -0.84297 eV ==== 
     psi = 0.372*[#   1]+0.208*[#   2]+0.208*[#   3]+0.208*[#   4]
    |psi|^2 = 0.997
==== e(   2) =    10.06894 eV ==== 
     psi = 0.481*[#   1]+0.141*[#   2]+0.141*[#   3]+0.141*[#   4]
    |psi|^2 = 0.904
==== e(   3) =    16.69235 eV ==== 
     psi = 0.220*[#   2]+0.220*[#   3]+0.220*[#   4]+0.082*[#   1]
    |psi|^2 = 0.743
==== e(   4) =    20.19575 eV ==== 
     psi = 0.210*[#   2]+0.210*[#   3]+0.210*[#   4]
    |psi|^2 = 0.630
==== e(   5) =    20.78444 eV ==== 
     psi = 0.078*[#   2]+0.078*[#   3]+0.078*[#   4]
    |psi|^2 = 0.233
==== e(   6) =    22.34285 eV ==== 
     psi = 0.049*[#   2]+0.049*[#   3]+0.049*[#   4]+0.019*[#   1]
    |psi|^2 = 0.165

 k =  -0.0942809042 -0.1885618083  0.1885618083
==== e(   1) =    -1.75834 eV ==== 
     psi = 0.428*[#   1]+0.190*[#   2]+0.190*[#   3]+0.190*[#   4]
    |psi|^2 = 0.997
==== e(   2) =    12.50775 eV ==== 
     psi = 0.369*[#   1]+0.153*[#   2]+0.153*[#   3]+0.153*[#   4]
    |psi|^2 = 0.828
==== e(   3) =    16.93350 eV ==== 
     psi = 0.206*[#   2]+0.206*[#   3]+0.206*[#   4]+0.114*[#   1]
    |psi|^2 = 0.731
==== e(   4) =    20.40644 eV ==== 
     psi = 0.160*[#   2]+0.160*[#   3]+0.160*[#   4]
    |psi|^2 = 0.479
==== e(   5) =    21.98343 eV ==== 
     psi = 0.106*[#   2]+0.106*[#   3]+0.106*[#   4]
    |psi|^2 = 0.317
==== e(   6) =    23.11663 eV ==== 
     psi = 0.042*[#   2]+0.042*[#   3]+0.042*[#   4]+0.019*[#   1]
    |psi|^2 = 0.146

 k =  -0.0471404521 -0.1414213562  0.1414213562
==== e(   1) =    -2.43864 eV ==== 
     psi = 0.541*[#   1]+0.152*[#   2]+0.152*[#   3]+0.152*[#   4]
    |psi|^2 = 0.998
==== e(   2) =    15.07258 eV ==== 
     psi = 0.191*[#   1]+0.169*[#   2]+0.169*[#   3]+0.169*[#   4]
    |psi|^2 = 0.699
==== e(   3) =    17.39606 eV ==== 
     psi = 0.178*[#   2]+0.178*[#   3]+0.178*[#   4]+0.160*[#   1]
    |psi|^2 = 0.692
==== e(   4) =    20.74437 eV ==== 
     psi = 0.097*[#   2]+0.097*[#   3]+0.097*[#   4]
    |psi|^2 = 0.291
==== e(   5) =    22.82097 eV ==== 
     psi = 0.225*[#   2]+0.225*[#   3]+0.225*[#   4]
    |psi|^2 = 0.676
==== e(   6) =    23.25154 eV ==== 
     psi = 0.071*[#   2]+0.071*[#   3]+0.071*[#   4]+0.027*[#   1]
    |psi|^2 = 0.241

 k =   0.0000000000 -0.0942809042  0.0942809042
==== e(   1) =    -2.88054 eV ==== 
     psi = 0.714*[#   1]+0.095*[#   2]+0.095*[#   3]+0.095*[#   4]
    |psi|^2 = 0.998
==== e(   2) =    17.48014 eV ==== 
     psi = 0.162*[#   2]+0.162*[#   3]+0.162*[#   4]
    |psi|^2 = 0.485
==== e(   3) =    18.26784 eV ==== 
     psi = 0.185*[#   1]+0.152*[#   2]+0.152*[#   3]+0.152*[#   4]
    |psi|^2 = 0.640
==== e(   4) =    20.88163 eV ==== 

    |psi|^2 = 0.000
==== e(   5) =    22.24804 eV ==== 
     psi = 0.312*[#   2]+0.312*[#   3]+0.312*[#   4]
    |psi|^2 = 0.936
==== e(   6) =    23.13880 eV ==== 
     psi = 0.139*[#   2]+0.139*[#   3]+0.139*[#   4]
    |psi|^2 = 0.417

 k =   0.1885618083  0.0000000000  0.0000000000
==== e(   1) =    -2.55901 eV ==== 
     psi = 0.566*[#   1]+0.144*[#   2]+0.144*[#   3]+0.144*[#   4]
    |psi|^2 = 0.998
==== e(   2) =    17.67695 eV ==== 
     psi = 0.244*[#   2]+0.244*[#   3]+0.244*[#   4]
    |psi|^2 = 0.732
==== e(   3) =    17.67697 eV ==== 
     psi = 0.244*[#   2]+0.244*[#   3]+0.244*[#   4]
    |psi|^2 = 0.732
==== e(   4) =    17.90107 eV ==== 

    |psi|^2 = 0.000
==== e(   5) =    20.77929 eV ==== 
     psi = 0.374*[#   1]+0.157*[#   2]+0.157*[#   3]+0.157*[#   4]
    |psi|^2 = 0.844
==== e(   6) =    22.15259 eV ==== 
     psi = 0.037*[#   1]+0.015*[#   2]+0.015*[#   3]+0.015*[#   4]
    |psi|^2 = 0.082

 k =   0.2357022604  0.0471404521 -0.0471404521
==== e(   1) =    -2.11809 eV ==== 
     psi = 0.461*[#   1]+0.179*[#   2]+0.179*[#   3]+0.179*[#   4]
    |psi|^2 = 0.997
==== e(   2) =    15.30175 eV ==== 
     psi = 0.190*[#   2]+0.190*[#   3]+0.190*[#   4]+0.088*[#   1]
    |psi|^2 = 0.658
==== e(   3) =    17.03556 eV ==== 
     psi = 0.266*[#   2]+0.266*[#   3]+0.266*[#   4]
    |psi|^2 = 0.798
==== e(   4) =    18.23192 eV ==== 
     psi = 0.088*[#   1]+0.040*[#   2]+0.040*[#   3]+0.040*[#   4]
    |psi|^2 = 0.209
==== e(   5) =    20.43640 eV ==== 
     psi = 0.193*[#   1]+0.087*[#   2]+0.087*[#   3]+0.087*[#   4]
    |psi|^2 = 0.454
==== e(   6) =    20.98290 eV ==== 
     psi = 0.139*[#   1]+0.097*[#   2]+0.097*[#   3]+0.097*[#   4]
    |psi|^2 = 0.430

 k =   0.2828427125  0.0942809042 -0.0942809042
==== e(   1) =    -1.43932 eV ==== 
     psi = 0.383*[#   1]+0.205*[#   2]+0.205*[#   3]+0.205*[#   4]
    |psi|^2 = 0.997
==== e(   2) =    12.77049 eV ==== 
     psi = 0.225*[#   1]+0.198*[#   2]+0.198*[#   3]+0.198*[#   4]
    |psi|^2 = 0.818
==== e(   3) =    16.59786 eV ==== 
     psi = 0.279*[#   2]+0.279*[#   3]+0.279*[#   4]
    |psi|^2 = 0.838
==== e(   4) =    18.13303 eV ==== 
     psi = 0.120*[#   1]+0.026*[#   2]+0.026*[#   3]+0.026*[#   4]
    |psi|^2 = 0.197
==== e(   5) =    18.97609 eV ==== 
     psi = 0.176*[#   1]+0.096*[#   2]+0.096*[#   3]+0.096*[#   4]
    |psi|^2 = 0.463
==== e(   6) =    22.14428 eV ==== 
     psi = 0.099*[#   2]+0.099*[#   3]+0.099*[#   4]+0.067*[#   1]
    |psi|^2 = 0.365

 k =   0.3299831646  0.1414213562 -0.1414213562
==== e(   1) =    -0.52605 eV ==== 
     psi = 0.342*[#   1]+0.218*[#   2]+0.218*[#   3]+0.218*[#   4]
    |psi|^2 = 0.997
==== e(   2) =    10.35086 eV ==== 
     psi = 0.340*[#   1]+0.189*[#   2]+0.189*[#   3]+0.189*[#   4]
    |psi|^2 = 0.908
==== e(   3) =    16.36473 eV ==== 
     psi = 0.286*[#   2]+0.286*[#   3]+0.286*[#   4]
    |psi|^2 = 0.857
==== e(   4) =    17.60300 eV ==== 
     psi = 0.063*[#   2]+0.063*[#   3]+0.063*[#   4]+0.053*[#   1]
    |psi|^2 = 0.243
==== e(   5) =    18.07219 eV ==== 
     psi = 0.224*[#   1]+0.108*[#   2]+0.108*[#   3]+0.108*[#   4]
    |psi|^2 = 0.547
==== e(   6) =    23.75320 eV ==== 
     psi = 0.067*[#   2]+0.067*[#   3]+0.067*[#   4]+0.021*[#   1]
    |psi|^2 = 0.220

 k =   0.3771236166  0.1885618083 -0.1885618083
==== e(   1) =     0.61722 eV ==== 
     psi = 0.331*[#   1]+0.222*[#   2]+0.222*[#   3]+0.222*[#   4]
    |psi|^2 = 0.997
==== e(   2) =     8.09522 eV ==== 
     psi = 0.414*[#   1]+0.180*[#   2]+0.180*[#   3]+0.180*[#   4]
    |psi|^2 = 0.954
==== e(   3) =    16.33661 eV ==== 
     psi = 0.286*[#   2]+0.286*[#   3]+0.286*[#   4]
    |psi|^2 = 0.857
==== e(   4) =    16.52810 eV ==== 
     psi = 0.132*[#   2]+0.132*[#   3]+0.132*[#   4]+0.110*[#   1]
    |psi|^2 = 0.506
==== e(   5) =    18.06250 eV ==== 
     psi = 0.127*[#   1]+0.080*[#   2]+0.080*[#   3]+0.080*[#   4]
    |psi|^2 = 0.368
==== e(   6) =    24.08701 eV ==== 
     psi = 0.039*[#   2]+0.039*[#   3]+0.039*[#   4]
    |psi|^2 = 0.116

 k =   0.4242640687  0.2357022604 -0.2357022604
==== e(   1) =     1.98444 eV ==== 
     psi = 0.339*[#   1]+0.219*[#   2]+0.219*[#   3]+0.219*[#   4]
    |psi|^2 = 0.995
==== e(   2) =     6.02743 eV ==== 
     psi = 0.448*[#   1]+0.176*[#   2]+0.176*[#   3]+0.176*[#   4]
    |psi|^2 = 0.977
==== e(   3) =    15.63545 eV ==== 
     psi = 0.170*[#   2]+0.170*[#   3]+0.170*[#   4]+0.118*[#   1]
    |psi|^2 = 0.628
==== e(   4) =    16.51394 eV ==== 
     psi = 0.280*[#   2]+0.280*[#   3]+0.280*[#   4]
    |psi|^2 = 0.840
==== e(   5) =    18.27604 eV ==== 
     psi = 0.087*[#   1]+0.069*[#   2]+0.069*[#   3]+0.069*[#   4]
    |psi|^2 = 0.292
==== e(   6) =    23.26105 eV ==== 
     psi = 0.046*[#   2]+0.046*[#   3]+0.046*[#   4]
    |psi|^2 = 0.139

 k =  -0.2357022604 -0.4242640687  0.4242640687
==== e(   1) =     3.55079 eV ==== 
     psi = 0.251*[#   2]+0.251*[#   3]+0.251*[#   4]+0.241*[#   1]
    |psi|^2 = 0.994
==== e(   2) =     4.17930 eV ==== 
     psi = 0.564*[#   1]+0.141*[#   2]+0.141*[#   3]+0.141*[#   4]
    |psi|^2 = 0.985
==== e(   3) =    14.95303 eV ==== 
     psi = 0.197*[#   2]+0.197*[#   3]+0.197*[#   4]+0.124*[#   1]
    |psi|^2 = 0.714
==== e(   4) =    16.89704 eV ==== 
     psi = 0.269*[#   2]+0.269*[#   3]+0.269*[#   4]
    |psi|^2 = 0.808
==== e(   5) =    18.70295 eV ==== 
     psi = 0.066*[#   1]+0.055*[#   2]+0.055*[#   3]+0.055*[#   4]
    |psi|^2 = 0.230
==== e(   6) =    22.62011 eV ==== 
     psi = 0.056*[#   2]+0.056*[#   3]+0.056*[#   4]
    |psi|^2 = 0.167

 k =  -0.1885618083 -0.3771236166  0.3771236166
==== e(   1) =     2.48902 eV ==== 
     psi = 0.339*[#   1]+0.218*[#   2]+0.218*[#   3]+0.218*[#   4]
    |psi|^2 = 0.994
==== e(   2) =     5.37969 eV ==== 
     psi = 0.458*[#   1]+0.174*[#   2]+0.174*[#   3]+0.174*[#   4]
    |psi|^2 = 0.981
==== e(   3) =    14.48688 eV ==== 
     psi = 0.212*[#   2]+0.212*[#   3]+0.212*[#   4]+0.140*[#   1]
    |psi|^2 = 0.775
==== e(   4) =    17.48585 eV ==== 
     psi = 0.254*[#   2]+0.254*[#   3]+0.254*[#   4]
    |psi|^2 = 0.763
==== e(   5) =    19.34240 eV ==== 
     psi = 0.056*[#   1]+0.041*[#   2]+0.041*[#   3]+0.041*[#   4]
    |psi|^2 = 0.179
==== e(   6) =    22.17427 eV ==== 
     psi = 0.065*[#   2]+0.065*[#   3]+0.065*[#   4]
    |psi|^2 = 0.194

 k =  -0.1414213562 -0.3299831646  0.3299831646
==== e(   1) =     1.04880 eV ==== 
     psi = 0.333*[#   1]+0.221*[#   2]+0.221*[#   3]+0.221*[#   4]
    |psi|^2 = 0.996
==== e(   2) =     7.37589 eV ==== 
     psi = 0.430*[#   1]+0.178*[#   2]+0.178*[#   3]+0.178*[#   4]
    |psi|^2 = 0.963
==== e(   3) =    14.24183 eV ==== 
     psi = 0.214*[#   2]+0.214*[#   3]+0.214*[#   4]+0.174*[#   1]
    |psi|^2 = 0.815
==== e(   4) =    18.27880 eV ==== 
     psi = 0.236*[#   2]+0.236*[#   3]+0.236*[#   4]
    |psi|^2 = 0.709
==== e(   5) =    20.18811 eV ==== 
     psi = 0.053*[#   1]+0.028*[#   2]+0.028*[#   3]+0.028*[#   4]
    |psi|^2 = 0.138
==== e(   6) =    21.92533 eV ==== 
     psi = 0.071*[#   2]+0.071*[#   3]+0.071*[#   4]
    |psi|^2 = 0.214

 k =  -0.0942809042 -0.2828427125  0.2828427125
==== e(   1) =    -0.17013 eV ==== 
     psi = 0.339*[#   1]+0.219*[#   2]+0.219*[#   3]+0.219*[#   4]
    |psi|^2 = 0.997
==== e(   2) =     9.55634 eV ==== 
     psi = 0.357*[#   1]+0.191*[#   2]+0.191*[#   3]+0.191*[#   4]
    |psi|^2 = 0.929
==== e(   3) =    14.22668 eV ==== 
     psi = 0.233*[#   1]+0.200*[#   2]+0.200*[#   3]+0.200*[#   4]
    |psi|^2 = 0.834
==== e(   4) =    19.27017 eV ==== 
     psi = 0.217*[#   2]+0.217*[#   3]+0.217*[#   4]
    |psi|^2 = 0.652
==== e(   5) =    21.22740 eV ==== 
     psi = 0.051*[#   1]+0.019*[#   2]+0.019*[#   3]+0.019*[#   4]
    |psi|^2 = 0.107
==== e(   6) =    21.86805 eV ==== 
     psi = 0.068*[#   2]+0.068*[#   3]+0.068*[#   4]
    |psi|^2 = 0.205

 k =  -0.0471404521 -0.2357022604  0.2357022604
==== e(   1) =    -1.16072 eV ==== 
     psi = 0.372*[#   1]+0.209*[#   2]+0.209*[#   3]+0.209*[#   4]
    |psi|^2 = 0.997
==== e(   2) =    11.86867 eV ==== 
     psi = 0.221*[#   2]+0.221*[#   3]+0.221*[#   4]+0.207*[#   1]
    |psi|^2 = 0.869
==== e(   3) =    14.47608 eV ==== 
     psi = 0.338*[#   1]+0.166*[#   2]+0.166*[#   3]+0.166*[#   4]
    |psi|^2 = 0.836
==== e(   4) =    20.44135 eV ==== 
     psi = 0.205*[#   2]+0.205*[#   3]+0.205*[#   4]
    |psi|^2 = 0.616
==== e(   5) =    21.96213 eV ==== 
     psi = 0.040*[#   2]+0.040*[#   3]+0.040*[#   4]
    |psi|^2 = 0.119
==== e(   6) =    22.43558 eV ==== 
     psi = 0.048*[#   1]+0.012*[#   2]+0.012*[#   3]+0.012*[#   4]
    |psi|^2 = 0.084

 k =   0.0000000000 -0.1885618083  0.1885618083
==== e(   1) =    -1.91812 eV ==== 
     psi = 0.440*[#   1]+0.186*[#   2]+0.186*[#   3]+0.186*[#   4]
    |psi|^2 = 0.997
==== e(   2) =    13.98671 eV ==== 
     psi = 0.253*[#   2]+0.253*[#   3]+0.253*[#   4]
    |psi|^2 = 0.760
==== e(   3) =    15.28342 eV ==== 
     psi = 0.463*[#   1]+0.121*[#   2]+0.121*[#   3]+0.121*[#   4]
    |psi|^2 = 0.825
==== e(   4) =    21.71483 eV ==== 
     psi = 0.229*[#   2]+0.229*[#   3]+0.229*[#   4]
    |psi|^2 = 0.686
==== e(   5) =    21.81923 eV ==== 

    |psi|^2 = 0.000
==== e(   6) =    23.33424 eV ==== 
     psi = 0.101*[#   2]+0.101*[#   3]+0.101*[#   4]
    |psi|^2 = 0.302

 k =   0.2828427125  0.0000000000  0.0000000000
==== e(   1) =    -1.75834 eV ==== 
     psi = 0.404*[#   1]+0.198*[#   2]+0.198*[#   3]+0.198*[#   4]
    |psi|^2 = 0.997
==== e(   2) =    16.31792 eV ==== 
     psi = 0.285*[#   2]+0.285*[#   3]+0.285*[#   4]
    |psi|^2 = 0.854
==== e(   3) =    16.31793 eV ==== 
     psi = 0.285*[#   2]+0.285*[#   3]+0.285*[#   4]
    |psi|^2 = 0.854
==== e(   4) =    16.38804 eV ==== 

    |psi|^2 = 0.000
==== e(   5) =    18.70159 eV ==== 
     psi = 0.152*[#   1]+0.033*[#   2]+0.033*[#   3]+0.033*[#   4]
    |psi|^2 = 0.252
==== e(   6) =    19.72844 eV ==== 
     psi = 0.415*[#   1]+0.089*[#   2]+0.089*[#   3]+0.089*[#   4]
    |psi|^2 = 0.682

 k =   0.3299831646  0.0471404521 -0.0471404521
==== e(   1) =    -1.16081 eV ==== 
     psi = 0.353*[#   1]+0.215*[#   2]+0.215*[#   3]+0.215*[#   4]
    |psi|^2 = 0.997
==== e(   2) =    13.99074 eV ==== 
     psi = 0.213*[#   2]+0.213*[#   3]+0.213*[#   4]+0.062*[#   1]
    |psi|^2 = 0.700
==== e(   3) =    15.80691 eV ==== 
     psi = 0.297*[#   2]+0.297*[#   3]+0.297*[#   4]
    |psi|^2 = 0.890
==== e(   4) =    16.89031 eV ==== 
     psi = 0.046*[#   2]+0.046*[#   3]+0.046*[#   4]+0.002*[#   1]
    |psi|^2 = 0.138
==== e(   5) =    17.17028 eV ==== 
     psi = 0.306*[#   1]+0.055*[#   2]+0.055*[#   3]+0.055*[#   4]
    |psi|^2 = 0.472
==== e(   6) =    19.90288 eV ==== 
     psi = 0.252*[#   1]+0.096*[#   2]+0.096*[#   3]+0.096*[#   4]
    |psi|^2 = 0.539

 k =   0.3771236166  0.0942809042 -0.0942809042
==== e(   1) =    -0.32852 eV ==== 
     psi = 0.321*[#   1]+0.225*[#   2]+0.225*[#   3]+0.225*[#   4]
    |psi|^2 = 0.997
==== e(   2) =    11.58904 eV ==== 
     psi = 0.231*[#   2]+0.231*[#   3]+0.231*[#   4]+0.166*[#   1]
    |psi|^2 = 0.859
==== e(   3) =    15.50218 eV ==== 
     psi = 0.304*[#   2]+0.304*[#   3]+0.304*[#   4]
    |psi|^2 = 0.911
==== e(   4) =    15.68709 eV ==== 
     psi = 0.206*[#   1]+0.081*[#   2]+0.081*[#   3]+0.081*[#   4]
    |psi|^2 = 0.448
==== e(   5) =    17.05254 eV ==== 
     psi = 0.205*[#   1]+0.031*[#   2]+0.031*[#   3]+0.031*[#   4]
    |psi|^2 = 0.298
==== e(   6) =    21.18397 eV ==== 
     psi = 0.085*[#   1]+0.073*[#   2]+0.073*[#   3]+0.073*[#   4]
    |psi|^2 = 0.303

 k =   0.4242640687  0.1414213562 -0.1414213562
==== e(   1) =     0.73425 eV ==== 
     psi = 0.308*[#   1]+0.230*[#   2]+0.230*[#   3]+0.230*[#   4]
    |psi|^2 = 0.997
==== e(   2) =     9.30465 eV ==== 
     psi = 0.260*[#   1]+0.225*[#   2]+0.225*[#   3]+0.225*[#   4]
    |psi|^2 = 0.936
==== e(   3) =    14.49979 eV ==== 
     psi = 0.232*[#   1]+0.121*[#   2]+0.121*[#   3]+0.121*[#   4]
    |psi|^2 = 0.596
==== e(   4) =    15.40346 eV ==== 
     psi = 0.306*[#   2]+0.306*[#   3]+0.306*[#   4]
    |psi|^2 = 0.918
==== e(   5) =    17.06948 eV ==== 
     psi = 0.161*[#   1]+0.035*[#   2]+0.035*[#   3]+0.035*[#   4]
    |psi|^2 = 0.265
==== e(   6) =    22.95939 eV ==== 
     psi = 0.041*[#   2]+0.041*[#   3]+0.041*[#   4]+0.027*[#   1]
    |psi|^2 = 0.152

 k =   0.4714045208  0.1885618083 -0.1885618083
==== e(   1) =     2.02164 eV ==== 
     psi = 0.308*[#   1]+0.229*[#   2]+0.229*[#   3]+0.229*[#   4]
    |psi|^2 = 0.996
==== e(   2) =     7.18920 eV ==== 
     psi = 0.327*[#   1]+0.214*[#   2]+0.214*[#   3]+0.214*[#   4]
    |psi|^2 = 0.971
==== e(   3) =    13.52031 eV ==== 
     psi = 0.233*[#   1]+0.157*[#   2]+0.157*[#   3]+0.157*[#   4]
    |psi|^2 = 0.705
==== e(   4) =    15.51072 eV ==== 
     psi = 0.304*[#   2]+0.304*[#   3]+0.304*[#   4]
    |psi|^2 = 0.912
==== e(   5) =    17.23992 eV ==== 
     psi = 0.117*[#   1]+0.035*[#   2]+0.035*[#   3]+0.035*[#   4]
    |psi|^2 = 0.221
==== e(   6) =    24.90834 eV ==== 
     psi = 0.023*[#   2]+0.023*[#   3]+0.023*[#   4]+0.009*[#   1]
    |psi|^2 = 0.078

 k =  -0.1885618083 -0.4714045208  0.4714045208
==== e(   1) =     3.52210 eV ==== 
     psi = 0.286*[#   1]+0.236*[#   2]+0.236*[#   3]+0.236*[#   4]
    |psi|^2 = 0.993
==== e(   2) =     5.26970 eV ==== 
     psi = 0.386*[#   1]+0.200*[#   2]+0.200*[#   3]+0.200*[#   4]
    |psi|^2 = 0.985
==== e(   3) =    12.75775 eV ==== 
     psi = 0.232*[#   1]+0.183*[#   2]+0.183*[#   3]+0.183*[#   4]
    |psi|^2 = 0.782
==== e(   4) =    15.82422 eV ==== 
     psi = 0.298*[#   2]+0.298*[#   3]+0.298*[#   4]
    |psi|^2 = 0.894
==== e(   5) =    17.61213 eV ==== 
     psi = 0.088*[#   1]+0.029*[#   2]+0.029*[#   3]+0.029*[#   4]
    |psi|^2 = 0.175
==== e(   6) =    24.65082 eV ==== 
     psi = 0.029*[#   2]+0.029*[#   3]+0.029*[#   4]
    |psi|^2 = 0.088

 k =  -0.1414213562 -0.4242640687  0.4242640687
==== e(   1) =     3.52677 eV ==== 
     psi = 0.281*[#   1]+0.238*[#   2]+0.238*[#   3]+0.238*[#   4]
    |psi|^2 = 0.994
==== e(   2) =     5.25810 eV ==== 
     psi = 0.390*[#   1]+0.198*[#   2]+0.198*[#   3]+0.198*[#   4]
    |psi|^2 = 0.983
==== e(   3) =    12.21995 eV ==== 
     psi = 0.250*[#   1]+0.195*[#   2]+0.195*[#   3]+0.195*[#   4]
    |psi|^2 = 0.835
==== e(   4) =    16.34415 eV ==== 
     psi = 0.288*[#   2]+0.288*[#   3]+0.288*[#   4]
    |psi|^2 = 0.863
==== e(   5) =    18.19723 eV ==== 
     psi = 0.073*[#   1]+0.021*[#   2]+0.021*[#   3]+0.021*[#   4]
    |psi|^2 = 0.137
==== e(   6) =    24.14748 eV ==== 
     psi = 0.034*[#   2]+0.034*[#   3]+0.034*[#   4]
    |psi|^2 = 0.103

 k =  -0.0942809042 -0.3771236166  0.3771236166
==== e(   1) =     2.02365 eV ==== 
     psi = 0.307*[#   1]+0.230*[#   2]+0.230*[#   3]+0.230*[#   4]
    |psi|^2 = 0.996
==== e(   2) =     7.15740 eV ==== 
     psi = 0.317*[#   1]+0.218*[#   2]+0.218*[#   3]+0.218*[#   4]
    |psi|^2 = 0.970
==== e(   3) =    11.92034 eV ==== 
     psi = 0.302*[#   1]+0.189*[#   2]+0.189*[#   3]+0.189*[#   4]
    |psi|^2 = 0.869
==== e(   4) =    17.07031 eV ==== 
     psi = 0.273*[#   2]+0.273*[#   3]+0.273*[#   4]
    |psi|^2 = 0.819
==== e(   5) =    18.99288 eV ==== 
     psi = 0.067*[#   1]+0.014*[#   2]+0.014*[#   3]+0.014*[#   4]
    |psi|^2 = 0.110
==== e(   6) =    23.83340 eV ==== 
     psi = 0.038*[#   2]+0.038*[#   3]+0.038*[#   4]
    |psi|^2 = 0.115

 k =  -0.0471404521 -0.3299831646  0.3299831646
==== e(   1) =     0.73510 eV ==== 
     psi = 0.313*[#   1]+0.228*[#   2]+0.228*[#   3]+0.228*[#   4]
    |psi|^2 = 0.997
==== e(   2) =     9.19733 eV ==== 
     psi = 0.251*[#   2]+0.251*[#   3]+0.251*[#   4]+0.192*[#   1]
    |psi|^2 = 0.946
==== e(   3) =    11.90601 eV ==== 
     psi = 0.419*[#   1]+0.156*[#   2]+0.156*[#   3]+0.156*[#   4]
    |psi|^2 = 0.886
==== e(   4) =    18.00106 eV ==== 
     psi = 0.252*[#   2]+0.252*[#   3]+0.252*[#   4]
    |psi|^2 = 0.757
==== e(   5) =    19.98762 eV ==== 
     psi = 0.064*[#   1]+0.009*[#   2]+0.009*[#   3]+0.009*[#   4]
    |psi|^2 = 0.091
==== e(   6) =    23.68645 eV ==== 
     psi = 0.035*[#   2]+0.035*[#   3]+0.035*[#   4]
    |psi|^2 = 0.105

 k =   0.0000000000 -0.2828427125  0.2828427125
==== e(   1) =    -0.32819 eV ==== 
     psi = 0.332*[#   1]+0.222*[#   2]+0.222*[#   3]+0.222*[#   4]
    |psi|^2 = 0.997
==== e(   2) =    11.02186 eV ==== 
     psi = 0.302*[#   2]+0.302*[#   3]+0.302*[#   4]
    |psi|^2 = 0.905
==== e(   3) =    12.51406 eV ==== 
     psi = 0.588*[#   1]+0.099*[#   2]+0.099*[#   3]+0.099*[#   4]
    |psi|^2 = 0.886
==== e(   4) =    19.13142 eV ==== 
     psi = 0.226*[#   2]+0.226*[#   3]+0.226*[#   4]
    |psi|^2 = 0.677
==== e(   5) =    21.15666 eV ==== 
     psi = 0.059*[#   1]+0.007*[#   2]+0.007*[#   3]+0.007*[#   4]
    |psi|^2 = 0.080
==== e(   6) =    23.37170 eV ==== 

    |psi|^2 = 0.000

 k =   0.3771236166  0.0000000000  0.0000000000
==== e(   1) =    -0.64510 eV ==== 
     psi = 0.325*[#   1]+0.224*[#   2]+0.224*[#   3]+0.224*[#   4]
    |psi|^2 = 0.997
==== e(   2) =    15.14211 eV ==== 

    |psi|^2 = 0.000
==== e(   3) =    15.22410 eV ==== 
     psi = 0.307*[#   2]+0.307*[#   3]+0.307*[#   4]
    |psi|^2 = 0.922
==== e(   4) =    15.22411 eV ==== 
     psi = 0.307*[#   2]+0.307*[#   3]+0.307*[#   4]
    |psi|^2 = 0.922
==== e(   5) =    15.40558 eV ==== 
     psi = 0.273*[#   1]+0.046*[#   2]+0.046*[#   3]+0.046*[#   4]
    |psi|^2 = 0.412
==== e(   6) =    18.73647 eV ==== 
     psi = 0.380*[#   1]+0.055*[#   2]+0.055*[#   3]+0.055*[#   4]
    |psi|^2 = 0.545

 k =   0.4242640687  0.0471404521 -0.0471404521
==== e(   1) =     0.10504 eV ==== 
     psi = 0.306*[#   1]+0.230*[#   2]+0.230*[#   3]+0.230*[#   4]
    |psi|^2 = 0.997
==== e(   2) =    12.95174 eV ==== 
     psi = 0.229*[#   2]+0.229*[#   3]+0.229*[#   4]+0.026*[#   1]
    |psi|^2 = 0.713
==== e(   3) =    13.92233 eV ==== 
     psi = 0.344*[#   1]+0.062*[#   2]+0.062*[#   3]+0.062*[#   4]
    |psi|^2 = 0.530
==== e(   4) =    14.84856 eV ==== 
     psi = 0.314*[#   2]+0.314*[#   3]+0.314*[#   4]
    |psi|^2 = 0.942
==== e(   5) =    15.93107 eV ==== 
     psi = 0.095*[#   1]+0.057*[#   2]+0.057*[#   3]+0.057*[#   4]
    |psi|^2 = 0.266
==== e(   6) =    19.00631 eV ==== 
     psi = 0.214*[#   1]+0.065*[#   2]+0.065*[#   3]+0.065*[#   4]
    |psi|^2 = 0.410

 k =   0.4714045208  0.0942809042 -0.0942809042
==== e(   1) =     1.08544 eV ==== 
     psi = 0.297*[#   1]+0.233*[#   2]+0.233*[#   3]+0.233*[#   4]
    |psi|^2 = 0.996
==== e(   2) =    10.68983 eV ==== 
     psi = 0.258*[#   2]+0.258*[#   3]+0.258*[#   4]+0.105*[#   1]
    |psi|^2 = 0.879
==== e(   3) =    12.64573 eV ==== 
     psi = 0.374*[#   1]+0.095*[#   2]+0.095*[#   3]+0.095*[#   4]
    |psi|^2 = 0.659
==== e(   4) =    14.67959 eV ==== 
     psi = 0.317*[#   2]+0.317*[#   3]+0.317*[#   4]
    |psi|^2 = 0.952
==== e(   5) =    16.15582 eV ==== 
     psi = 0.146*[#   1]+0.017*[#   2]+0.017*[#   3]+0.017*[#   4]
    |psi|^2 = 0.198
==== e(   6) =    20.41659 eV ==== 
     psi = 0.069*[#   1]+0.049*[#   2]+0.049*[#   3]+0.049*[#   4]
    |psi|^2 = 0.217

 k =   0.5185449729  0.1414213562 -0.1414213562
==== e(   1) =     2.28994 eV ==== 
     psi = 0.290*[#   1]+0.235*[#   2]+0.235*[#   3]+0.235*[#   4]
    |psi|^2 = 0.995
==== e(   2) =     8.54951 eV ==== 
     psi = 0.253*[#   2]+0.253*[#   3]+0.253*[#   4]+0.191*[#   1]
    |psi|^2 = 0.951
==== e(   3) =    11.58149 eV ==== 
     psi = 0.367*[#   1]+0.131*[#   2]+0.131*[#   3]+0.131*[#   4]
    |psi|^2 = 0.761
==== e(   4) =    14.71690 eV ==== 
     psi = 0.317*[#   2]+0.317*[#   3]+0.317*[#   4]
    |psi|^2 = 0.951
==== e(   5) =    16.32959 eV ==== 
     psi = 0.124*[#   1]+0.014*[#   2]+0.014*[#   3]+0.014*[#   4]
    |psi|^2 = 0.165
==== e(   6) =    22.34445 eV ==== 
     psi = 0.025*[#   2]+0.025*[#   3]+0.025*[#   4]+0.022*[#   1]
    |psi|^2 = 0.098

 k =  -0.1414213562 -0.5185449729  0.5185449729
==== e(   1) =     3.70772 eV ==== 
     psi = 0.269*[#   1]+0.241*[#   2]+0.241*[#   3]+0.241*[#   4]
    |psi|^2 = 0.991
==== e(   2) =     6.58246 eV ==== 
     psi = 0.266*[#   1]+0.238*[#   2]+0.238*[#   3]+0.238*[#   4]
    |psi|^2 = 0.979
==== e(   3) =    10.74071 eV ==== 
     psi = 0.356*[#   1]+0.158*[#   2]+0.158*[#   3]+0.158*[#   4]
    |psi|^2 = 0.830
==== e(   4) =    14.96054 eV ==== 
     psi = 0.313*[#   2]+0.313*[#   3]+0.313*[#   4]
    |psi|^2 = 0.940
==== e(   5) =    16.65638 eV ==== 
     psi = 0.097*[#   1]+0.012*[#   2]+0.012*[#   3]+0.012*[#   4]
    |psi|^2 = 0.134
==== e(   6) =    24.49383 eV ==== 
     psi = 0.012*[#   2]+0.012*[#   3]+0.012*[#   4]+0.008*[#   1]
    |psi|^2 = 0.044

 k =  -0.0942809042 -0.4714045208  0.4714045208
==== e(   1) =     4.76482 eV ==== 
     psi = 0.280*[#   2]+0.280*[#   3]+0.280*[#   4]+0.151*[#   1]
    |psi|^2 = 0.993
==== e(   2) =     5.36788 eV ==== 
     psi = 0.387*[#   1]+0.198*[#   2]+0.198*[#   3]+0.198*[#   4]
    |psi|^2 = 0.982
==== e(   3) =    10.13933 eV ==== 
     psi = 0.373*[#   1]+0.167*[#   2]+0.167*[#   3]+0.167*[#   4]
    |psi|^2 = 0.874
==== e(   4) =    15.41081 eV ==== 
     psi = 0.306*[#   2]+0.306*[#   3]+0.306*[#   4]
    |psi|^2 = 0.919
==== e(   5) =    17.18520 eV ==== 
     psi = 0.081*[#   1]+0.010*[#   2]+0.010*[#   3]+0.010*[#   4]
    |psi|^2 = 0.110
==== e(   6) =    26.30413 eV ==== 
     psi = 0.019*[#   2]+0.019*[#   3]+0.019*[#   4]
    |psi|^2 = 0.057

 k =  -0.0471404521 -0.4242640687  0.4242640687
==== e(   1) =     3.22192 eV ==== 
     psi = 0.275*[#   1]+0.240*[#   2]+0.240*[#   3]+0.240*[#   4]
    |psi|^2 = 0.995
==== e(   2) =     7.10334 eV ==== 
     psi = 0.264*[#   2]+0.264*[#   3]+0.264*[#   4]+0.183*[#   1]
    |psi|^2 = 0.974
==== e(   3) =     9.82835 eV ==== 
     psi = 0.462*[#   1]+0.145*[#   2]+0.145*[#   3]+0.145*[#   4]
    |psi|^2 = 0.897
==== e(   4) =    16.06798 eV ==== 
     psi = 0.296*[#   2]+0.296*[#   3]+0.296*[#   4]
    |psi|^2 = 0.887
==== e(   5) =    17.92436 eV ==== 
     psi = 0.074*[#   1]+0.007*[#   2]+0.007*[#   3]+0.007*[#   4]
    |psi|^2 = 0.095
==== e(   6) =    25.93379 eV ==== 
     psi = 0.020*[#   2]+0.020*[#   3]+0.020*[#   4]
    |psi|^2 = 0.061

 k =  -0.0000000000 -0.3771236166  0.3771236166
==== e(   1) =     1.86802 eV ==== 
     psi = 0.295*[#   1]+0.234*[#   2]+0.234*[#   3]+0.234*[#   4]
    |psi|^2 = 0.996
==== e(   2) =     8.64457 eV ==== 
     psi = 0.321*[#   2]+0.321*[#   3]+0.321*[#   4]
    |psi|^2 = 0.964
==== e(   3) =    10.16515 eV ==== 
     psi = 0.627*[#   1]+0.091*[#   2]+0.091*[#   3]+0.091*[#   4]
    |psi|^2 = 0.900
==== e(   4) =    16.93188 eV ==== 
     psi = 0.279*[#   2]+0.279*[#   3]+0.279*[#   4]
    |psi|^2 = 0.836
==== e(   5) =    18.86620 eV ==== 
     psi = 0.070*[#   1]+0.006*[#   2]+0.006*[#   3]+0.006*[#   4]
    |psi|^2 = 0.088
==== e(   6) =    25.51819 eV ==== 

    |psi|^2 = 0.000

 k =   0.4714045208  0.0000000000  0.0000000000
==== e(   1) =     0.77203 eV ==== 
     psi = 0.299*[#   1]+0.233*[#   2]+0.233*[#   3]+0.233*[#   4]
    |psi|^2 = 0.996
==== e(   2) =    12.32963 eV ==== 
     psi = 0.407*[#   1]+0.066*[#   2]+0.066*[#   3]+0.066*[#   4]
    |psi|^2 = 0.605
==== e(   3) =    14.19613 eV ==== 

    |psi|^2 = 0.000
==== e(   4) =    14.40276 eV ==== 
     psi = 0.320*[#   2]+0.320*[#   3]+0.320*[#   4]
    |psi|^2 = 0.961
==== e(   5) =    14.40276 eV ==== 
     psi = 0.320*[#   2]+0.320*[#   3]+0.320*[#   4]
    |psi|^2 = 0.961
==== e(   6) =    17.92477 eV ==== 
     psi = 0.283*[#   1]+0.031*[#   2]+0.031*[#   3]+0.031*[#   4]
    |psi|^2 = 0.375

 k =   0.5185449729  0.0471404521 -0.0471404521
==== e(   1) =     1.66800 eV ==== 
     psi = 0.294*[#   1]+0.234*[#   2]+0.234*[#   3]+0.234*[#   4]
    |psi|^2 = 0.995
==== e(   2) =    10.95103 eV ==== 
     psi = 0.411*[#   1]+0.099*[#   2]+0.099*[#   3]+0.099*[#   4]
    |psi|^2 = 0.708
==== e(   3) =    12.23822 eV ==== 
     psi = 0.217*[#   2]+0.217*[#   3]+0.217*[#   4]+0.070*[#   1]
    |psi|^2 = 0.721
==== e(   4) =    14.16390 eV ==== 
     psi = 0.324*[#   2]+0.324*[#   3]+0.324*[#   4]
    |psi|^2 = 0.971
==== e(   5) =    15.18048 eV ==== 
     psi = 0.066*[#   1]+0.064*[#   2]+0.064*[#   3]+0.064*[#   4]
    |psi|^2 = 0.258
==== e(   6) =    18.32718 eV ==== 
     psi = 0.150*[#   1]+0.043*[#   2]+0.043*[#   3]+0.043*[#   4]
    |psi|^2 = 0.279

 k =   0.5656854249  0.0942809042 -0.0942809042
==== e(   1) =     2.78543 eV ==== 
     psi = 0.283*[#   1]+0.236*[#   2]+0.236*[#   3]+0.236*[#   4]
    |psi|^2 = 0.992
==== e(   2) =     9.72645 eV ==== 
     psi = 0.210*[#   2]+0.210*[#   3]+0.210*[#   4]+0.195*[#   1]
    |psi|^2 = 0.826
==== e(   3) =    10.20713 eV ==== 
     psi = 0.363*[#   1]+0.168*[#   2]+0.168*[#   3]+0.168*[#   4]
    |psi|^2 = 0.865
==== e(   4) =    14.13144 eV ==== 
     psi = 0.324*[#   2]+0.324*[#   3]+0.324*[#   4]
    |psi|^2 = 0.973
==== e(   5) =    15.54785 eV ==== 
     psi = 0.106*[#   1]+0.013*[#   2]+0.013*[#   3]+0.013*[#   4]
    |psi|^2 = 0.144
==== e(   6) =    19.88463 eV ==== 
     psi = 0.048*[#   1]+0.033*[#   2]+0.033*[#   3]+0.033*[#   4]
    |psi|^2 = 0.147

 k =  -0.0942809042 -0.5656854249  0.5656854249
==== e(   1) =     4.10845 eV ==== 
     psi = 0.248*[#   2]+0.248*[#   3]+0.248*[#   4]+0.246*[#   1]
    |psi|^2 = 0.989
==== e(   2) =     8.05799 eV ==== 
     psi = 0.296*[#   2]+0.296*[#   3]+0.296*[#   4]+0.070*[#   1]
    |psi|^2 = 0.957
==== e(   3) =     8.97395 eV ==== 
     psi = 0.566*[#   1]+0.100*[#   2]+0.100*[#   3]+0.100*[#   4]
    |psi|^2 = 0.865
==== e(   4) =    14.30529 eV ==== 
     psi = 0.322*[#   2]+0.322*[#   3]+0.322*[#   4]
    |psi|^2 = 0.966
==== e(   5) =    15.87476 eV ==== 
     psi = 0.097*[#   1]+0.004*[#   2]+0.004*[#   3]+0.004*[#   4]
    |psi|^2 = 0.107
==== e(   6) =    21.96152 eV ==== 
     psi = 0.017*[#   1]+0.016*[#   2]+0.016*[#   3]+0.016*[#   4]
    |psi|^2 = 0.065

 k =  -0.0471404521 -0.5185449729  0.5185449729
==== e(   1) =     5.57346 eV ==== 
     psi = 0.292*[#   2]+0.292*[#   3]+0.292*[#   4]+0.110*[#   1]
    |psi|^2 = 0.986
==== e(   2) =     6.27667 eV ==== 
     psi = 0.254*[#   2]+0.254*[#   3]+0.254*[#   4]+0.221*[#   1]
    |psi|^2 = 0.982
==== e(   3) =     8.32501 eV ==== 
     psi = 0.573*[#   1]+0.108*[#   2]+0.108*[#   3]+0.108*[#   4]
    |psi|^2 = 0.896
==== e(   4) =    14.68569 eV ==== 
     psi = 0.317*[#   2]+0.317*[#   3]+0.317*[#   4]
    |psi|^2 = 0.950
==== e(   5) =    16.35722 eV ==== 
     psi = 0.085*[#   1]+0.002*[#   2]+0.002*[#   3]+0.002*[#   4]
    |psi|^2 = 0.092
==== e(   6) =    24.26792 eV ==== 
     psi = 0.007*[#   2]+0.007*[#   3]+0.007*[#   4]+0.007*[#   1]
    |psi|^2 = 0.029

 k =  -0.0000000000 -0.4714045208  0.4714045208
==== e(   1) =     4.63452 eV ==== 
     psi = 0.255*[#   2]+0.255*[#   3]+0.255*[#   4]+0.225*[#   1]
    |psi|^2 = 0.992
==== e(   2) =     6.86398 eV ==== 
     psi = 0.329*[#   2]+0.329*[#   3]+0.329*[#   4]
    |psi|^2 = 0.987
==== e(   3) =     8.34536 eV ==== 
     psi = 0.689*[#   1]+0.070*[#   2]+0.070*[#   3]+0.070*[#   4]
    |psi|^2 = 0.899
==== e(   4) =    15.27311 eV ==== 
     psi = 0.309*[#   2]+0.309*[#   3]+0.309*[#   4]
    |psi|^2 = 0.926
==== e(   5) =    17.03953 eV ==== 
     psi = 0.078*[#   1]+0.003*[#   2]+0.003*[#   3]+0.003*[#   4]
    |psi|^2 = 0.089
==== e(   6) =    26.62503 eV ==== 
     psi = 0.003*[#   2]+0.003*[#   3]+0.003*[#   4]+0.003*[#   1]
    |psi|^2 = 0.013

 k =   0.5656854249  0.0000000000  0.0000000000
==== e(   1) =     2.47626 eV ==== 
     psi = 0.292*[#   1]+0.233*[#   2]+0.233*[#   3]+0.233*[#   4]
    |psi|^2 = 0.992
==== e(   2) =     9.51296 eV ==== 
     psi = 0.509*[#   1]+0.086*[#   2]+0.086*[#   3]+0.086*[#   4]
    |psi|^2 = 0.767
==== e(   3) =    13.56169 eV ==== 

    |psi|^2 = 0.000
==== e(   4) =    13.85537 eV ==== 
     psi = 0.327*[#   2]+0.327*[#   3]+0.327*[#   4]
    |psi|^2 = 0.982
==== e(   5) =    13.85537 eV ==== 
     psi = 0.327*[#   2]+0.327*[#   3]+0.327*[#   4]
    |psi|^2 = 0.982
==== e(   6) =    17.35549 eV ==== 
     psi = 0.193*[#   1]+0.013*[#   2]+0.013*[#   3]+0.013*[#   4]
    |psi|^2 = 0.231

 k =   0.6128258770  0.0471404521 -0.0471404521
==== e(   1) =     3.49730 eV ==== 
     psi = 0.270*[#   1]+0.239*[#   2]+0.239*[#   3]+0.239*[#   4]
    |psi|^2 = 0.988
==== e(   2) =     8.29394 eV ==== 
     psi = 0.530*[#   1]+0.102*[#   2]+0.102*[#   3]+0.102*[#   4]
    |psi|^2 = 0.835
==== e(   3) =    11.78632 eV ==== 
     psi = 0.225*[#   2]+0.225*[#   3]+0.225*[#   4]+0.043*[#   1]
    |psi|^2 = 0.719
==== e(   4) =    13.75334 eV ==== 
     psi = 0.329*[#   2]+0.329*[#   3]+0.329*[#   4]
    |psi|^2 = 0.986
==== e(   5) =    14.72827 eV ==== 
     psi = 0.068*[#   2]+0.068*[#   3]+0.068*[#   4]+0.050*[#   1]
    |psi|^2 = 0.253
==== e(   6) =    17.90581 eV ==== 
     psi = 0.103*[#   1]+0.028*[#   2]+0.028*[#   3]+0.028*[#   4]
    |psi|^2 = 0.186

 k =  -0.0471404521 -0.6128258770  0.6128258770
==== e(   1) =     4.68538 eV ==== 
     psi = 0.268*[#   2]+0.268*[#   3]+0.268*[#   4]+0.183*[#   1]
    |psi|^2 = 0.987
==== e(   2) =     7.34718 eV ==== 
     psi = 0.546*[#   1]+0.113*[#   2]+0.113*[#   3]+0.113*[#   4]
    |psi|^2 = 0.885
==== e(   3) =     9.83212 eV ==== 
     psi = 0.248*[#   2]+0.248*[#   3]+0.248*[#   4]+0.148*[#   1]
    |psi|^2 = 0.890
==== e(   4) =    13.85754 eV ==== 
     psi = 0.327*[#   2]+0.327*[#   3]+0.327*[#   4]
    |psi|^2 = 0.981
==== e(   5) =    15.24072 eV ==== 
     psi = 0.084*[#   1]+0.011*[#   2]+0.011*[#   3]+0.011*[#   4]
    |psi|^2 = 0.116
==== e(   6) =    19.61311 eV ==== 
     psi = 0.036*[#   1]+0.024*[#   2]+0.024*[#   3]+0.024*[#   4]
    |psi|^2 = 0.109

 k =   0.0000000000 -0.5656854249  0.5656854249
==== e(   1) =     5.67928 eV ==== 
     psi = 0.332*[#   2]+0.332*[#   3]+0.332*[#   4]
    |psi|^2 = 0.995
==== e(   2) =     6.99851 eV ==== 
     psi = 0.502*[#   1]+0.134*[#   2]+0.134*[#   3]+0.134*[#   4]
    |psi|^2 = 0.905
==== e(   3) =     8.03447 eV ==== 
     psi = 0.392*[#   1]+0.185*[#   2]+0.185*[#   3]+0.185*[#   4]
    |psi|^2 = 0.947
==== e(   4) =    14.16815 eV ==== 
     psi = 0.323*[#   2]+0.323*[#   3]+0.323*[#   4]
    |psi|^2 = 0.970
==== e(   5) =    15.72159 eV ==== 
     psi = 0.087*[#   1]
    |psi|^2 = 0.088
==== e(   6) =    21.83178 eV ==== 
     psi = 0.014*[#   1]+0.013*[#   2]+0.013*[#   3]+0.013*[#   4]
    |psi|^2 = 0.053

 k =   0.6599663291  0.0000000000  0.0000000000
==== e(   1) =     4.38358 eV ==== 
     psi = 0.262*[#   2]+0.262*[#   3]+0.262*[#   4]+0.199*[#   1]
    |psi|^2 = 0.985
==== e(   2) =     7.04796 eV ==== 
     psi = 0.654*[#   1]+0.069*[#   2]+0.069*[#   3]+0.069*[#   4]
    |psi|^2 = 0.862
==== e(   3) =    13.24356 eV ==== 

    |psi|^2 = 0.000
==== e(   4) =    13.58183 eV ==== 
     psi = 0.330*[#   2]+0.330*[#   3]+0.330*[#   4]
    |psi|^2 = 0.991
==== e(   5) =    13.58183 eV ==== 
     psi = 0.330*[#   2]+0.330*[#   3]+0.330*[#   4]
    |psi|^2 = 0.991
==== e(   6) =    17.06306 eV ==== 
     psi = 0.143*[#   1]+0.002*[#   2]+0.002*[#   3]+0.002*[#   4]
    |psi|^2 = 0.147

 k =   0.0000000000 -0.6599663291  0.6599663291
==== e(   1) =     5.08782 eV ==== 
     psi = 0.333*[#   2]+0.333*[#   3]+0.333*[#   4]
    |psi|^2 = 0.999
==== e(   2) =     6.42558 eV ==== 
     psi = 0.829*[#   1]+0.013*[#   2]+0.013*[#   3]+0.013*[#   4]
    |psi|^2 = 0.868
==== e(   3) =    11.63677 eV ==== 
     psi = 0.227*[#   2]+0.227*[#   3]+0.227*[#   4]+0.038*[#   1]
    |psi|^2 = 0.718
==== e(   4) =    13.61654 eV ==== 
     psi = 0.330*[#   2]+0.330*[#   3]+0.330*[#   4]
    |psi|^2 = 0.990
==== e(   5) =    14.57718 eV ==== 
     psi = 0.069*[#   2]+0.069*[#   3]+0.069*[#   4]+0.044*[#   1]
    |psi|^2 = 0.251
==== e(   6) =    17.76319 eV ==== 
     psi = 0.086*[#   1]+0.022*[#   2]+0.022*[#   3]+0.022*[#   4]
    |psi|^2 = 0.152

 k =   0.1885618083  0.0942809042 -0.0000000000
==== e(   1) =    -2.39853 eV ==== 
     psi = 0.525*[#   1]+0.157*[#   2]+0.157*[#   3]+0.157*[#   4]
    |psi|^2 = 0.997
==== e(   2) =    15.75163 eV ==== 
     psi = 0.205*[#   2]+0.205*[#   3]+0.205*[#   4]
    |psi|^2 = 0.616
==== e(   3) =    16.76494 eV ==== 
     psi = 0.259*[#   1]+0.171*[#   2]+0.171*[#   3]+0.171*[#   4]
    |psi|^2 = 0.772
==== e(   4) =    20.02510 eV ==== 
     psi = 0.042*[#   2]+0.042*[#   3]+0.042*[#   4]
    |psi|^2 = 0.127
==== e(   5) =    21.64474 eV ==== 
     psi = 0.252*[#   2]+0.252*[#   3]+0.252*[#   4]+0.165*[#   1]
    |psi|^2 = 0.922
==== e(   6) =    22.38981 eV ==== 
     psi = 0.001*[#   2]+0.001*[#   3]+0.001*[#   4]
    |psi|^2 = 0.005

 k =   0.2357022604  0.1414213562 -0.0471404521
==== e(   1) =    -1.79827 eV ==== 
     psi = 0.423*[#   1]+0.192*[#   2]+0.192*[#   3]+0.192*[#   4]
    |psi|^2 = 0.997
==== e(   2) =    13.47859 eV ==== 
     psi = 0.202*[#   2]+0.202*[#   3]+0.202*[#   4]+0.182*[#   1]
    |psi|^2 = 0.789
==== e(   3) =    15.94050 eV ==== 
     psi = 0.210*[#   1]+0.192*[#   2]+0.192*[#   3]+0.192*[#   4]
    |psi|^2 = 0.785
==== e(   4) =    20.12091 eV ==== 
     psi = 0.079*[#   2]+0.079*[#   3]+0.079*[#   4]+0.035*[#   1]
    |psi|^2 = 0.271
==== e(   5) =    20.64224 eV ==== 
     psi = 0.104*[#   2]+0.104*[#   3]+0.104*[#   4]+0.072*[#   1]
    |psi|^2 = 0.384
==== e(   6) =    22.75019 eV ==== 
     psi = 0.121*[#   2]+0.121*[#   3]+0.121*[#   4]+0.027*[#   1]
    |psi|^2 = 0.388

 k =   0.2828427125  0.1885618083 -0.0942809042
==== e(   1) =    -0.96207 eV ==== 
     psi = 0.363*[#   1]+0.211*[#   2]+0.211*[#   3]+0.211*[#   4]
    |psi|^2 = 0.997
==== e(   2) =    11.03713 eV ==== 
     psi = 0.337*[#   1]+0.184*[#   2]+0.184*[#   3]+0.184*[#   4]
    |psi|^2 = 0.888
==== e(   3) =    15.58631 eV ==== 
     psi = 0.216*[#   2]+0.216*[#   3]+0.216*[#   4]+0.147*[#   1]
    |psi|^2 = 0.795
==== e(   4) =    19.30861 eV ==== 
     psi = 0.134*[#   2]+0.134*[#   3]+0.134*[#   4]+0.076*[#   1]
    |psi|^2 = 0.477
==== e(   5) =    19.97624 eV ==== 
     psi = 0.093*[#   2]+0.093*[#   3]+0.093*[#   4]+0.030*[#   1]
    |psi|^2 = 0.310
==== e(   6) =    23.64658 eV ==== 
     psi = 0.059*[#   2]+0.059*[#   3]+0.059*[#   4]+0.004*[#   1]
    |psi|^2 = 0.180

 k =   0.3299831646  0.2357022604 -0.1414213562
==== e(   1) =     0.10600 eV ==== 
     psi = 0.340*[#   1]+0.219*[#   2]+0.219*[#   3]+0.219*[#   4]
    |psi|^2 = 0.997
==== e(   2) =     8.72648 eV ==== 
     psi = 0.430*[#   1]+0.171*[#   2]+0.171*[#   3]+0.171*[#   4]
    |psi|^2 = 0.941
==== e(   3) =    15.47116 eV ==== 
     psi = 0.227*[#   2]+0.227*[#   3]+0.227*[#   4]+0.104*[#   1]
    |psi|^2 = 0.786
==== e(   4) =    18.15508 eV ==== 
     psi = 0.159*[#   2]+0.159*[#   3]+0.159*[#   4]+0.074*[#   1]
    |psi|^2 = 0.551
==== e(   5) =    19.93513 eV ==== 
     psi = 0.105*[#   2]+0.105*[#   3]+0.105*[#   4]+0.024*[#   1]
    |psi|^2 = 0.340
==== e(   6) =    22.63697 eV ==== 
     psi = 0.042*[#   2]+0.042*[#   3]+0.042*[#   4]+0.011*[#   1]
    |psi|^2 = 0.136

 k =   0.3771236166  0.2828427125 -0.1885618083
==== e(   1) =     1.40063 eV ==== 
     psi = 0.344*[#   1]+0.217*[#   2]+0.217*[#   3]+0.217*[#   4]
    |psi|^2 = 0.996
==== e(   2) =     6.59364 eV ==== 
     psi = 0.470*[#   1]+0.167*[#   2]+0.167*[#   3]+0.167*[#   4]
    |psi|^2 = 0.970
==== e(   3) =    15.57344 eV ==== 
     psi = 0.226*[#   2]+0.226*[#   3]+0.226*[#   4]+0.073*[#   1]
    |psi|^2 = 0.753
==== e(   4) =    17.20378 eV ==== 
     psi = 0.188*[#   2]+0.188*[#   3]+0.188*[#   4]+0.076*[#   1]
    |psi|^2 = 0.641
==== e(   5) =    20.07194 eV ==== 
     psi = 0.104*[#   2]+0.104*[#   3]+0.104*[#   4]+0.016*[#   1]
    |psi|^2 = 0.327
==== e(   6) =    21.71654 eV ==== 
     psi = 0.046*[#   2]+0.046*[#   3]+0.046*[#   4]+0.012*[#   1]
    |psi|^2 = 0.151

 k =  -0.2828427125 -0.3771236166  0.4714045208
==== e(   1) =     2.91224 eV ==== 
     psi = 0.341*[#   1]+0.218*[#   2]+0.218*[#   3]+0.218*[#   4]
    |psi|^2 = 0.994
==== e(   2) =     4.66081 eV ==== 
     psi = 0.495*[#   1]+0.163*[#   2]+0.163*[#   3]+0.163*[#   4]
    |psi|^2 = 0.984
==== e(   3) =    15.87501 eV ==== 
     psi = 0.208*[#   2]+0.208*[#   3]+0.208*[#   4]+0.040*[#   1]
    |psi|^2 = 0.664
==== e(   4) =    16.47681 eV ==== 
     psi = 0.222*[#   2]+0.222*[#   3]+0.222*[#   4]+0.095*[#   1]
    |psi|^2 = 0.760
==== e(   5) =    20.38944 eV ==== 
     psi = 0.110*[#   2]+0.110*[#   3]+0.110*[#   4]+0.008*[#   1]
    |psi|^2 = 0.336
==== e(   6) =    20.99875 eV ==== 
     psi = 0.041*[#   2]+0.041*[#   3]+0.041*[#   4]+0.016*[#   1]
    |psi|^2 = 0.139

 k =   0.2828427125  0.0942809042  0.0000000000
==== e(   1) =    -1.59874 eV ==== 
     psi = 0.392*[#   1]+0.202*[#   2]+0.202*[#   3]+0.202*[#   4]
    |psi|^2 = 0.997
==== e(   2) =    14.28608 eV ==== 
     psi = 0.228*[#   2]+0.228*[#   3]+0.228*[#   4]
    |psi|^2 = 0.684
==== e(   3) =    15.40811 eV ==== 
     psi = 0.225*[#   1]+0.210*[#   2]+0.210*[#   3]+0.210*[#   4]
    |psi|^2 = 0.855
==== e(   4) =    18.68968 eV ==== 
     psi = 0.062*[#   2]+0.062*[#   3]+0.062*[#   4]
    |psi|^2 = 0.185
==== e(   5) =    18.84185 eV ==== 
     psi = 0.173*[#   1]+0.066*[#   2]+0.066*[#   3]+0.066*[#   4]
    |psi|^2 = 0.371
==== e(   6) =    20.81484 eV ==== 
     psi = 0.181*[#   1]+0.130*[#   2]+0.130*[#   3]+0.130*[#   4]
    |psi|^2 = 0.572

 k =   0.3299831646  0.1414213562 -0.0471404521
==== e(   1) =    -0.84309 eV ==== 
     psi = 0.343*[#   1]+0.218*[#   2]+0.218*[#   3]+0.218*[#   4]
    |psi|^2 = 0.997
==== e(   2) =    12.15456 eV ==== 
     psi = 0.233*[#   2]+0.233*[#   3]+0.233*[#   4]+0.142*[#   1]
    |psi|^2 = 0.843
==== e(   3) =    14.68245 eV ==== 
     psi = 0.219*[#   2]+0.219*[#   3]+0.219*[#   4]+0.178*[#   1]
    |psi|^2 = 0.834
==== e(   4) =    17.39707 eV ==== 
     psi = 0.195*[#   1]+0.096*[#   2]+0.096*[#   3]+0.096*[#   4]
    |psi|^2 = 0.483
==== e(   5) =    18.97421 eV ==== 
     psi = 0.063*[#   2]+0.063*[#   3]+0.063*[#   4]+0.044*[#   1]
    |psi|^2 = 0.234
==== e(   6) =    21.76899 eV ==== 
     psi = 0.100*[#   2]+0.100*[#   3]+0.100*[#   4]+0.073*[#   1]
    |psi|^2 = 0.374

 k =   0.3771236166  0.1885618083 -0.0942809042
==== e(   1) =     0.14509 eV ==== 
     psi = 0.319*[#   1]+0.226*[#   2]+0.226*[#   3]+0.226*[#   4]
    |psi|^2 = 0.997
==== e(   2) =     9.84715 eV ==== 
     psi = 0.269*[#   1]+0.219*[#   2]+0.219*[#   3]+0.219*[#   4]
    |psi|^2 = 0.925
==== e(   3) =    14.44903 eV ==== 
     psi = 0.234*[#   2]+0.234*[#   3]+0.234*[#   4]+0.112*[#   1]
    |psi|^2 = 0.815
==== e(   4) =    16.15282 eV ==== 
     psi = 0.211*[#   1]+0.135*[#   2]+0.135*[#   3]+0.135*[#   4]
    |psi|^2 = 0.616
==== e(   5) =    18.99641 eV ==== 
     psi = 0.076*[#   2]+0.076*[#   3]+0.076*[#   4]+0.050*[#   1]
    |psi|^2 = 0.278
==== e(   6) =    23.36768 eV ==== 
     psi = 0.062*[#   2]+0.062*[#   3]+0.062*[#   4]+0.019*[#   1]
    |psi|^2 = 0.205

 k =   0.4242640687  0.2357022604 -0.1414213562
==== e(   1) =     1.36077 eV ==== 
     psi = 0.315*[#   1]+0.227*[#   2]+0.227*[#   3]+0.227*[#   4]
    |psi|^2 = 0.996
==== e(   2) =     7.67335 eV ==== 
     psi = 0.348*[#   1]+0.205*[#   2]+0.205*[#   3]+0.205*[#   4]
    |psi|^2 = 0.964
==== e(   3) =    14.43824 eV ==== 
     psi = 0.236*[#   2]+0.236*[#   3]+0.236*[#   4]+0.041*[#   1]
    |psi|^2 = 0.749
==== e(   4) =    15.14164 eV ==== 
     psi = 0.240*[#   1]+0.176*[#   2]+0.176*[#   3]+0.176*[#   4]
    |psi|^2 = 0.770
==== e(   5) =    19.11004 eV ==== 
     psi = 0.077*[#   2]+0.077*[#   3]+0.077*[#   4]+0.038*[#   1]
    |psi|^2 = 0.269
==== e(   6) =    23.64977 eV ==== 
     psi = 0.034*[#   2]+0.034*[#   3]+0.034*[#   4]+0.002*[#   1]
    |psi|^2 = 0.104

 k =  -0.2357022604 -0.4242640687  0.5185449729
==== e(   1) =     2.79630 eV ==== 
     psi = 0.314*[#   1]+0.227*[#   2]+0.227*[#   3]+0.227*[#   4]
    |psi|^2 = 0.994
==== e(   2) =     5.68299 eV ==== 
     psi = 0.394*[#   1]+0.196*[#   2]+0.196*[#   3]+0.196*[#   4]
    |psi|^2 = 0.982
==== e(   3) =    14.18553 eV ==== 
     psi = 0.198*[#   2]+0.198*[#   3]+0.198*[#   4]+0.083*[#   1]
    |psi|^2 = 0.678
==== e(   4) =    14.80951 eV ==== 
     psi = 0.241*[#   2]+0.241*[#   3]+0.241*[#   4]+0.171*[#   1]
    |psi|^2 = 0.894
==== e(   5) =    19.40093 eV ==== 
     psi = 0.072*[#   2]+0.072*[#   3]+0.072*[#   4]+0.027*[#   1]
    |psi|^2 = 0.241
==== e(   6) =    22.89941 eV ==== 
     psi = 0.034*[#   2]+0.034*[#   3]+0.034*[#   4]+0.004*[#   1]
    |psi|^2 = 0.106

 k =  -0.1885618083 -0.3771236166  0.4714045208
==== e(   1) =     3.85531 eV ==== 
     psi = 0.262*[#   2]+0.262*[#   3]+0.262*[#   4]+0.209*[#   1]
    |psi|^2 = 0.994
==== e(   2) =     4.48324 eV ==== 
     psi = 0.511*[#   1]+0.158*[#   2]+0.158*[#   3]+0.158*[#   4]
    |psi|^2 = 0.985
==== e(   3) =    13.61311 eV ==== 
     psi = 0.212*[#   2]+0.212*[#   3]+0.212*[#   4]+0.143*[#   1]
    |psi|^2 = 0.779
==== e(   4) =    15.23334 eV ==== 
     psi = 0.236*[#   2]+0.236*[#   3]+0.236*[#   4]+0.106*[#   1]
    |psi|^2 = 0.814
==== e(   5) =    19.88833 eV ==== 
     psi = 0.065*[#   2]+0.065*[#   3]+0.065*[#   4]+0.020*[#   1]
    |psi|^2 = 0.215
==== e(   6) =    22.30957 eV ==== 
     psi = 0.038*[#   2]+0.038*[#   3]+0.038*[#   4]+0.005*[#   1]
    |psi|^2 = 0.118

 k =  -0.1414213562 -0.3299831646  0.4242640687
==== e(   1) =     2.29502 eV ==== 
     psi = 0.316*[#   1]+0.227*[#   2]+0.227*[#   3]+0.227*[#   4]
    |psi|^2 = 0.995
==== e(   2) =     6.31734 eV ==== 
     psi = 0.381*[#   1]+0.199*[#   2]+0.199*[#   3]+0.199*[#   4]
    |psi|^2 = 0.977
==== e(   3) =    13.23086 eV ==== 
     psi = 0.217*[#   2]+0.217*[#   3]+0.217*[#   4]+0.180*[#   1]
    |psi|^2 = 0.830
==== e(   4) =    15.90556 eV ==== 
     psi = 0.220*[#   2]+0.220*[#   3]+0.220*[#   4]+0.093*[#   1]
    |psi|^2 = 0.753
==== e(   5) =    20.56901 eV ==== 
     psi = 0.062*[#   2]+0.062*[#   3]+0.062*[#   4]+0.016*[#   1]
    |psi|^2 = 0.203
==== e(   6) =    21.91519 eV ==== 
     psi = 0.038*[#   2]+0.038*[#   3]+0.038*[#   4]+0.008*[#   1]
    |psi|^2 = 0.121

 k =  -0.0942809042 -0.2828427125  0.3771236166
==== e(   1) =     0.93102 eV ==== 
     psi = 0.316*[#   1]+0.227*[#   2]+0.227*[#   3]+0.227*[#   4]
    |psi|^2 = 0.997
==== e(   2) =     8.35938 eV ==== 
     psi = 0.317*[#   1]+0.213*[#   2]+0.213*[#   3]+0.213*[#   4]
    |psi|^2 = 0.955
==== e(   3) =    13.07807 eV ==== 
     psi = 0.238*[#   1]+0.207*[#   2]+0.207*[#   3]+0.207*[#   4]
    |psi|^2 = 0.858
==== e(   4) =    16.79409 eV ==== 
     psi = 0.197*[#   2]+0.197*[#   3]+0.197*[#   4]+0.092*[#   1]
    |psi|^2 = 0.684
==== e(   5) =    21.36515 eV ==== 
     psi = 0.088*[#   2]+0.088*[#   3]+0.088*[#   4]+0.005*[#   1]
    |psi|^2 = 0.269
==== e(   6) =    21.77737 eV ==== 
     psi = 0.020*[#   1]+0.009*[#   2]+0.009*[#   3]+0.009*[#   4]
    |psi|^2 = 0.048

 k =  -0.0471404521 -0.2357022604  0.3299831646
==== e(   1) =    -0.20971 eV ==== 
     psi = 0.328*[#   1]+0.223*[#   2]+0.223*[#   3]+0.223*[#   4]
    |psi|^2 = 0.997
==== e(   2) =    10.53571 eV ==== 
     psi = 0.243*[#   2]+0.243*[#   3]+0.243*[#   4]+0.185*[#   1]
    |psi|^2 = 0.913
==== e(   3) =    13.19916 eV ==== 
     psi = 0.344*[#   1]+0.176*[#   2]+0.176*[#   3]+0.176*[#   4]
    |psi|^2 = 0.871
==== e(   4) =    17.88971 eV ==== 
     psi = 0.169*[#   2]+0.169*[#   3]+0.169*[#   4]+0.092*[#   1]
    |psi|^2 = 0.599
==== e(   5) =    21.53874 eV ==== 
     psi = 0.056*[#   2]+0.056*[#   3]+0.056*[#   4]+0.004*[#   1]
    |psi|^2 = 0.172
==== e(   6) =    22.52374 eV ==== 
     psi = 0.040*[#   2]+0.040*[#   3]+0.040*[#   4]+0.014*[#   1]
    |psi|^2 = 0.133

 k =   0.0000000000 -0.1885618083  0.2828427125
==== e(   1) =    -1.12098 eV ==== 
     psi = 0.363*[#   1]+0.211*[#   2]+0.211*[#   3]+0.211*[#   4]
    |psi|^2 = 0.997
==== e(   2) =    12.50701 eV ==== 
     psi = 0.278*[#   2]+0.278*[#   3]+0.278*[#   4]
    |psi|^2 = 0.835
==== e(   3) =    13.91001 eV ==== 
     psi = 0.476*[#   1]+0.132*[#   2]+0.132*[#   3]+0.132*[#   4]
    |psi|^2 = 0.872
==== e(   4) =    19.18055 eV ==== 
     psi = 0.138*[#   2]+0.138*[#   3]+0.138*[#   4]+0.089*[#   1]
    |psi|^2 = 0.503
==== e(   5) =    21.23197 eV ==== 
     psi = 0.019*[#   2]+0.019*[#   3]+0.019*[#   4]
    |psi|^2 = 0.058
==== e(   6) =    22.70574 eV ==== 
     psi = 0.155*[#   2]+0.155*[#   3]+0.155*[#   4]+0.017*[#   1]
    |psi|^2 = 0.482

 k =   0.3771236166  0.0942809042  0.0000000000
==== e(   1) =    -0.48673 eV ==== 
     psi = 0.322*[#   1]+0.225*[#   2]+0.225*[#   3]+0.225*[#   4]
    |psi|^2 = 0.997
==== e(   2) =    13.10400 eV ==== 
     psi = 0.238*[#   2]+0.238*[#   3]+0.238*[#   4]
    |psi|^2 = 0.715
==== e(   3) =    14.27309 eV ==== 
     psi = 0.249*[#   2]+0.249*[#   3]+0.249*[#   4]+0.128*[#   1]
    |psi|^2 = 0.876
==== e(   4) =    15.59565 eV ==== 
     psi = 0.336*[#   1]+0.066*[#   2]+0.066*[#   3]+0.066*[#   4]
    |psi|^2 = 0.533
==== e(   5) =    17.54935 eV ==== 
     psi = 0.072*[#   2]+0.072*[#   3]+0.072*[#   4]
    |psi|^2 = 0.217
==== e(   6) =    19.85446 eV ==== 
     psi = 0.194*[#   1]+0.093*[#   2]+0.093*[#   3]+0.093*[#   4]
    |psi|^2 = 0.473

 k =   0.4242640687  0.1414213562 -0.0471404521
==== e(   1) =     0.41997 eV ==== 
     psi = 0.304*[#   1]+0.231*[#   2]+0.231*[#   3]+0.231*[#   4]
    |psi|^2 = 0.997
==== e(   2) =    11.11502 eV ==== 
     psi = 0.256*[#   2]+0.256*[#   3]+0.256*[#   4]+0.102*[#   1]
    |psi|^2 = 0.870
==== e(   3) =    13.62231 eV ==== 
     psi = 0.247*[#   2]+0.247*[#   3]+0.247*[#   4]+0.038*[#   1]
    |psi|^2 = 0.781
==== e(   4) =    14.30922 eV ==== 
     psi = 0.430*[#   1]+0.100*[#   2]+0.100*[#   3]+0.100*[#   4]
    |psi|^2 = 0.731
==== e(   5) =    17.99396 eV ==== 
     psi = 0.058*[#   2]+0.058*[#   3]+0.058*[#   4]+0.037*[#   1]
    |psi|^2 = 0.212
==== e(   6) =    20.92290 eV ==== 
     psi = 0.075*[#   1]+0.068*[#   2]+0.068*[#   3]+0.068*[#   4]
    |psi|^2 = 0.278

 k =   0.4714045208  0.1885618083 -0.0942809042
==== e(   1) =     1.55432 eV ==== 
     psi = 0.296*[#   1]+0.233*[#   2]+0.233*[#   3]+0.233*[#   4]
    |psi|^2 = 0.996
==== e(   2) =     8.94729 eV ==== 
     psi = 0.247*[#   2]+0.247*[#   3]+0.247*[#   4]+0.205*[#   1]
    |psi|^2 = 0.945
==== e(   3) =    13.01489 eV ==== 
     psi = 0.175*[#   2]+0.175*[#   3]+0.175*[#   4]+0.152*[#   1]
    |psi|^2 = 0.678
==== e(   4) =    13.69835 eV ==== 
     psi = 0.270*[#   1]+0.219*[#   2]+0.219*[#   3]+0.219*[#   4]
    |psi|^2 = 0.926
==== e(   5) =    18.17145 eV ==== 
     psi = 0.060*[#   2]+0.060*[#   3]+0.060*[#   4]+0.044*[#   1]
    |psi|^2 = 0.225
==== e(   6) =    22.69923 eV ==== 
     psi = 0.036*[#   2]+0.036*[#   3]+0.036*[#   4]+0.023*[#   1]
    |psi|^2 = 0.131

 k =  -0.1885618083 -0.4714045208  0.5656854249
==== e(   1) =     2.90888 eV ==== 
     psi = 0.288*[#   1]+0.235*[#   2]+0.235*[#   3]+0.235*[#   4]
    |psi|^2 = 0.994
==== e(   2) =     6.91709 eV ==== 
     psi = 0.280*[#   1]+0.232*[#   2]+0.232*[#   3]+0.232*[#   4]
    |psi|^2 = 0.975
==== e(   3) =    12.15216 eV ==== 
     psi = 0.238*[#   1]+0.182*[#   2]+0.182*[#   3]+0.182*[#   4]
    |psi|^2 = 0.782
==== e(   4) =    13.81281 eV ==== 
     psi = 0.246*[#   2]+0.246*[#   3]+0.246*[#   4]+0.144*[#   1]
    |psi|^2 = 0.883
==== e(   5) =    18.43506 eV ==== 
     psi = 0.058*[#   2]+0.058*[#   3]+0.058*[#   4]+0.035*[#   1]
    |psi|^2 = 0.210
==== e(   6) =    24.55211 eV ==== 
     psi = 0.024*[#   2]+0.024*[#   3]+0.024*[#   4]+0.003*[#   1]
    |psi|^2 = 0.075

 k =  -0.1414213562 -0.4242640687  0.5185449729
==== e(   1) =     4.45168 eV ==== 
     psi = 0.272*[#   2]+0.272*[#   3]+0.272*[#   4]+0.175*[#   1]
    |psi|^2 = 0.992
==== e(   2) =     5.09536 eV ==== 
     psi = 0.421*[#   1]+0.188*[#   2]+0.188*[#   3]+0.188*[#   4]
    |psi|^2 = 0.986
==== e(   3) =    11.47424 eV ==== 
     psi = 0.259*[#   1]+0.195*[#   2]+0.195*[#   3]+0.195*[#   4]
    |psi|^2 = 0.844
==== e(   4) =    14.19358 eV ==== 
     psi = 0.248*[#   2]+0.248*[#   3]+0.248*[#   4]+0.108*[#   1]
    |psi|^2 = 0.852
==== e(   5) =    18.87560 eV ==== 
     psi = 0.053*[#   2]+0.053*[#   3]+0.053*[#   4]+0.027*[#   1]
    |psi|^2 = 0.188
==== e(   6) =    24.37405 eV ==== 
     psi = 0.021*[#   2]+0.021*[#   3]+0.021*[#   4]+0.001*[#   1]
    |psi|^2 = 0.065

 k =  -0.0942809042 -0.3771236166  0.4714045208
==== e(   1) =     3.41274 eV ==== 
     psi = 0.276*[#   1]+0.240*[#   2]+0.240*[#   3]+0.240*[#   4]
    |psi|^2 = 0.994
==== e(   2) =     6.25237 eV ==== 
     psi = 0.295*[#   1]+0.228*[#   2]+0.228*[#   3]+0.228*[#   4]
    |psi|^2 = 0.979
==== e(   3) =    11.02892 eV ==== 
     psi = 0.300*[#   1]+0.194*[#   2]+0.194*[#   3]+0.194*[#   4]
    |psi|^2 = 0.881
==== e(   4) =    14.79995 eV ==== 
     psi = 0.240*[#   2]+0.240*[#   3]+0.240*[#   4]+0.096*[#   1]
    |psi|^2 = 0.817
==== e(   5) =    19.51288 eV ==== 
     psi = 0.049*[#   2]+0.049*[#   3]+0.049*[#   4]+0.024*[#   1]
    |psi|^2 = 0.169
==== e(   6) =    23.92152 eV ==== 
     psi = 0.022*[#   2]+0.022*[#   3]+0.022*[#   4]+0.002*[#   1]
    |psi|^2 = 0.069

 k =  -0.0471404521 -0.3299831646  0.4242640687
==== e(   1) =     1.98431 eV ==== 
     psi = 0.295*[#   1]+0.234*[#   2]+0.234*[#   3]+0.234*[#   4]
    |psi|^2 = 0.996
==== e(   2) =     8.15110 eV ==== 
     psi = 0.263*[#   2]+0.263*[#   3]+0.263*[#   4]+0.175*[#   1]
    |psi|^2 = 0.964
==== e(   3) =    10.87009 eV ==== 
     psi = 0.401*[#   1]+0.166*[#   2]+0.166*[#   3]+0.166*[#   4]
    |psi|^2 = 0.901
==== e(   4) =    15.62274 eV ==== 
     psi = 0.225*[#   2]+0.225*[#   3]+0.225*[#   4]+0.095*[#   1]
    |psi|^2 = 0.771
==== e(   5) =    20.34505 eV ==== 
     psi = 0.046*[#   2]+0.046*[#   3]+0.046*[#   4]+0.021*[#   1]
    |psi|^2 = 0.158
==== e(   6) =    23.58769 eV ==== 
     psi = 0.020*[#   2]+0.020*[#   3]+0.020*[#   4]+0.003*[#   1]
    |psi|^2 = 0.061

 k =   0.0000000000 -0.2828427125  0.3771236166
==== e(   1) =     0.77414 eV ==== 
     psi = 0.307*[#   1]+0.230*[#   2]+0.230*[#   3]+0.230*[#   4]
    |psi|^2 = 0.997
==== e(   2) =     9.83321 eV ==== 
     psi = 0.312*[#   2]+0.312*[#   3]+0.312*[#   4]
    |psi|^2 = 0.937
==== e(   3) =    11.34678 eV ==== 
     psi = 0.559*[#   1]+0.115*[#   2]+0.115*[#   3]+0.115*[#   4]
    |psi|^2 = 0.905
==== e(   4) =    16.65549 eV ==== 
     psi = 0.202*[#   2]+0.202*[#   3]+0.202*[#   4]+0.096*[#   1]
    |psi|^2 = 0.701
==== e(   5) =    21.35207 eV ==== 
     psi = 0.048*[#   2]+0.048*[#   3]+0.048*[#   4]+0.017*[#   1]
    |psi|^2 = 0.161
==== e(   6) =    23.02860 eV ==== 
     psi = 0.008*[#   2]+0.008*[#   3]+0.008*[#   4]
    |psi|^2 = 0.023

 k =   0.4714045208  0.0942809042 -0.0000000000
==== e(   1) =     0.92881 eV ==== 
     psi = 0.297*[#   1]+0.233*[#   2]+0.233*[#   3]+0.233*[#   4]
    |psi|^2 = 0.996
==== e(   2) =    12.21339 eV ==== 
     psi = 0.242*[#   2]+0.242*[#   3]+0.242*[#   4]
    |psi|^2 = 0.727
==== e(   3) =    12.43557 eV ==== 
     psi = 0.266*[#   1]+0.124*[#   2]+0.124*[#   3]+0.124*[#   4]
    |psi|^2 = 0.637
==== e(   4) =    13.52055 eV ==== 
     psi = 0.277*[#   1]+0.230*[#   2]+0.230*[#   3]+0.230*[#   4]
    |psi|^2 = 0.967
==== e(   5) =    16.67896 eV ==== 
     psi = 0.080*[#   2]+0.080*[#   3]+0.080*[#   4]
    |psi|^2 = 0.239
==== e(   6) =    19.07583 eV ==== 
     psi = 0.149*[#   1]+0.062*[#   2]+0.062*[#   3]+0.062*[#   4]
    |psi|^2 = 0.335

 k =   0.5185449729  0.1414213562 -0.0471404521
==== e(   1) =     1.97932 eV ==== 
     psi = 0.289*[#   1]+0.235*[#   2]+0.235*[#   3]+0.235*[#   4]
    |psi|^2 = 0.995
==== e(   2) =    10.35121 eV ==== 
     psi = 0.280*[#   2]+0.280*[#   3]+0.280*[#   4]+0.040*[#   1]
    |psi|^2 = 0.881
==== e(   3) =    11.27186 eV ==== 
     psi = 0.372*[#   1]+0.127*[#   2]+0.127*[#   3]+0.127*[#   4]
    |psi|^2 = 0.753
==== e(   4) =    13.02605 eV ==== 
     psi = 0.236*[#   2]+0.236*[#   3]+0.236*[#   4]+0.209*[#   1]
    |psi|^2 = 0.918
==== e(   5) =    17.27343 eV ==== 
     psi = 0.056*[#   2]+0.056*[#   3]+0.056*[#   4]+0.027*[#   1]
    |psi|^2 = 0.196
==== e(   6) =    20.28023 eV ==== 
     psi = 0.056*[#   1]+0.044*[#   2]+0.044*[#   3]+0.044*[#   4]
    |psi|^2 = 0.188

 k =  -0.1414213562 -0.5185449729  0.6128258770
==== e(   1) =     3.24785 eV ==== 
     psi = 0.272*[#   1]+0.240*[#   2]+0.240*[#   3]+0.240*[#   4]
    |psi|^2 = 0.993
==== e(   2) =     8.33608 eV ==== 
     psi = 0.272*[#   2]+0.272*[#   3]+0.272*[#   4]+0.139*[#   1]
    |psi|^2 = 0.955
==== e(   3) =    10.28931 eV ==== 
     psi = 0.391*[#   1]+0.147*[#   2]+0.147*[#   3]+0.147*[#   4]
    |psi|^2 = 0.833
==== e(   4) =    13.06368 eV ==== 
     psi = 0.249*[#   2]+0.249*[#   3]+0.249*[#   4]+0.141*[#   1]
    |psi|^2 = 0.889
==== e(   5) =    17.60091 eV ==== 
     psi = 0.052*[#   2]+0.052*[#   3]+0.052*[#   4]+0.033*[#   1]
    |psi|^2 = 0.188
==== e(   6) =    22.20852 eV ==== 
     psi = 0.022*[#   2]+0.022*[#   3]+0.022*[#   4]+0.018*[#   1]
    |psi|^2 = 0.083

 k =  -0.0942809042 -0.4714045208  0.5656854249
==== e(   1) =     4.71361 eV ==== 
     psi = 0.258*[#   2]+0.258*[#   3]+0.258*[#   4]+0.214*[#   1]
    |psi|^2 = 0.989
==== e(   2) =     6.46155 eV ==== 
     psi = 0.248*[#   2]+0.248*[#   3]+0.248*[#   4]+0.235*[#   1]
    |psi|^2 = 0.981
==== e(   3) =     9.53651 eV ==== 
     psi = 0.399*[#   1]+0.161*[#   2]+0.161*[#   3]+0.161*[#   4]
    |psi|^2 = 0.883
==== e(   4) =    13.36802 eV ==== 
     psi = 0.253*[#   2]+0.253*[#   3]+0.253*[#   4]+0.110*[#   1]
    |psi|^2 = 0.870
==== e(   5) =    18.01322 eV ==== 
     psi = 0.048*[#   2]+0.048*[#   3]+0.048*[#   4]+0.029*[#   1]
    |psi|^2 = 0.175
==== e(   6) =    24.39799 eV ==== 
     psi = 0.010*[#   2]+0.010*[#   3]+0.010*[#   4]+0.006*[#   1]
    |psi|^2 = 0.037

 k =  -0.0471404521 -0.4242640687  0.5185449729
==== e(   1) =     4.74415 eV ==== 
     psi = 0.259*[#   2]+0.259*[#   3]+0.259*[#   4]+0.214*[#   1]
    |psi|^2 = 0.992
==== e(   2) =     6.35659 eV ==== 
     psi = 0.264*[#   2]+0.264*[#   3]+0.264*[#   4]+0.189*[#   1]
    |psi|^2 = 0.981
==== e(   3) =     9.07122 eV ==== 
     psi = 0.464*[#   1]+0.148*[#   2]+0.148*[#   3]+0.148*[#   4]
    |psi|^2 = 0.908
==== e(   4) =    13.90241 eV ==== 
     psi = 0.251*[#   2]+0.251*[#   3]+0.251*[#   4]+0.097*[#   1]
    |psi|^2 = 0.850
==== e(   5) =    18.60104 eV ==== 
     psi = 0.045*[#   2]+0.045*[#   3]+0.045*[#   4]+0.026*[#   1]
    |psi|^2 = 0.163
==== e(   6) =    25.98852 eV ==== 
     psi = 0.012*[#   2]+0.012*[#   3]+0.012*[#   4]
    |psi|^2 = 0.035

 k =  -0.0000000000 -0.3771236166  0.4714045208
==== e(   1) =     3.25959 eV ==== 
     psi = 0.269*[#   1]+0.242*[#   2]+0.242*[#   3]+0.242*[#   4]
    |psi|^2 = 0.995
==== e(   2) =     7.75386 eV ==== 
     psi = 0.326*[#   2]+0.326*[#   3]+0.326*[#   4]
    |psi|^2 = 0.977
==== e(   3) =     9.25587 eV ==== 
     psi = 0.603*[#   1]+0.102*[#   2]+0.102*[#   3]+0.102*[#   4]
    |psi|^2 = 0.910
==== e(   4) =    14.65621 eV ==== 
     psi = 0.242*[#   2]+0.242*[#   3]+0.242*[#   4]+0.094*[#   1]
    |psi|^2 = 0.821
==== e(   5) =    19.38144 eV ==== 
     psi = 0.044*[#   2]+0.044*[#   3]+0.044*[#   4]+0.024*[#   1]
    |psi|^2 = 0.156
==== e(   6) =    25.38708 eV ==== 
     psi = 0.003*[#   2]+0.003*[#   3]+0.003*[#   4]
    |psi|^2 = 0.010

 k =   0.5656854249  0.0942809042  0.0000000000
==== e(   1) =     2.63094 eV ==== 
     psi = 0.286*[#   1]+0.235*[#   2]+0.235*[#   3]+0.235*[#   4]
    |psi|^2 = 0.992
==== e(   2) =     9.65566 eV ==== 
     psi = 0.442*[#   1]+0.117*[#   2]+0.117*[#   3]+0.117*[#   4]
    |psi|^2 = 0.791
==== e(   3) =    11.61807 eV ==== 
     psi = 0.243*[#   2]+0.243*[#   3]+0.243*[#   4]
    |psi|^2 = 0.730
==== e(   4) =    12.92055 eV ==== 
     psi = 0.266*[#   2]+0.266*[#   3]+0.266*[#   4]+0.164*[#   1]
    |psi|^2 = 0.961
==== e(   5) =    16.09516 eV ==== 
     psi = 0.085*[#   2]+0.085*[#   3]+0.085*[#   4]
    |psi|^2 = 0.254
==== e(   6) =    18.53192 eV ==== 
     psi = 0.102*[#   1]+0.040*[#   2]+0.040*[#   3]+0.040*[#   4]
    |psi|^2 = 0.223

 k =  -0.0942809042 -0.5656854249  0.6599663291
==== e(   1) =     3.80339 eV ==== 
     psi = 0.255*[#   1]+0.245*[#   2]+0.245*[#   3]+0.245*[#   4]
    |psi|^2 = 0.989
==== e(   2) =     8.57968 eV ==== 
     psi = 0.403*[#   1]+0.154*[#   2]+0.154*[#   3]+0.154*[#   4]
    |psi|^2 = 0.865
==== e(   3) =     9.95498 eV ==== 
     psi = 0.252*[#   2]+0.252*[#   3]+0.252*[#   4]+0.132*[#   1]
    |psi|^2 = 0.888
==== e(   4) =    12.57782 eV ==== 
     psi = 0.253*[#   2]+0.253*[#   3]+0.253*[#   4]+0.147*[#   1]
    |psi|^2 = 0.905
==== e(   5) =    16.83604 eV ==== 
     psi = 0.055*[#   2]+0.055*[#   3]+0.055*[#   4]+0.019*[#   1]
    |psi|^2 = 0.186
==== e(   6) =    19.88152 eV ==== 
     psi = 0.039*[#   1]+0.030*[#   2]+0.030*[#   3]+0.030*[#   4]
    |psi|^2 = 0.128

 k =  -0.0471404521 -0.5185449729  0.6128258770
==== e(   1) =     5.13655 eV ==== 
     psi = 0.276*[#   2]+0.276*[#   3]+0.276*[#   4]+0.161*[#   1]
    |psi|^2 = 0.987
==== e(   2) =     7.68744 eV ==== 
     psi = 0.259*[#   2]+0.259*[#   3]+0.259*[#   4]+0.151*[#   1]
    |psi|^2 = 0.927
==== e(   3) =     8.19988 eV ==== 
     psi = 0.527*[#   1]+0.136*[#   2]+0.136*[#   3]+0.136*[#   4]
    |psi|^2 = 0.935
==== e(   4) =    12.76854 eV ==== 
     psi = 0.255*[#   2]+0.255*[#   3]+0.255*[#   4]+0.116*[#   1]
    |psi|^2 = 0.881
==== e(   5) =    17.31147 eV ==== 
     psi = 0.047*[#   2]+0.047*[#   3]+0.047*[#   4]+0.027*[#   1]
    |psi|^2 = 0.169
==== e(   6) =    21.95458 eV ==== 
     psi = 0.015*[#   2]+0.015*[#   3]+0.015*[#   4]+0.014*[#   1]
    |psi|^2 = 0.058

 k =   0.0000000000 -0.4714045208  0.5656854249
==== e(   1) =     6.26456 eV ==== 
     psi = 0.293*[#   2]+0.293*[#   3]+0.293*[#   4]+0.104*[#   1]
    |psi|^2 = 0.984
==== e(   2) =     6.27135 eV ==== 
     psi = 0.331*[#   2]+0.331*[#   3]+0.331*[#   4]
    |psi|^2 = 0.992
==== e(   3) =     7.74950 eV ==== 
     psi = 0.756*[#   1]+0.050*[#   2]+0.050*[#   3]+0.050*[#   4]
    |psi|^2 = 0.907
==== e(   4) =    13.22162 eV ==== 
     psi = 0.255*[#   2]+0.255*[#   3]+0.255*[#   4]+0.102*[#   1]
    |psi|^2 = 0.867
==== e(   5) =    17.87060 eV ==== 
     psi = 0.045*[#   2]+0.045*[#   3]+0.045*[#   4]+0.027*[#   1]
    |psi|^2 = 0.163
==== e(   6) =    24.29715 eV ==== 
     psi = 0.007*[#   2]+0.007*[#   3]+0.007*[#   4]+0.006*[#   1]
    |psi|^2 = 0.028

 k =  -0.0471404521 -0.6128258770  0.7071067812
==== e(   1) =     4.53458 eV ==== 
     psi = 0.265*[#   2]+0.265*[#   3]+0.265*[#   4]+0.190*[#   1]
    |psi|^2 = 0.986
==== e(   2) =     7.19967 eV ==== 
     psi = 0.600*[#   1]+0.092*[#   2]+0.092*[#   3]+0.092*[#   4]
    |psi|^2 = 0.878
==== e(   3) =    11.31999 eV ==== 
     psi = 0.244*[#   2]+0.244*[#   3]+0.244*[#   4]
    |psi|^2 = 0.731
==== e(   4) =    12.63095 eV ==== 
     psi = 0.275*[#   2]+0.275*[#   3]+0.275*[#   4]+0.131*[#   1]
    |psi|^2 = 0.958
==== e(   5) =    15.80262 eV ==== 
     psi = 0.087*[#   2]+0.087*[#   3]+0.087*[#   4]
    |psi|^2 = 0.262
==== e(   6) =    18.25322 eV ==== 
     psi = 0.075*[#   1]+0.028*[#   2]+0.028*[#   3]+0.028*[#   4]
    |psi|^2 = 0.160

 k =   0.0000000000 -0.5656854249  0.6599663291
==== e(   1) =     5.38347 eV ==== 
     psi = 0.332*[#   2]+0.332*[#   3]+0.332*[#   4]
    |psi|^2 = 0.997
==== e(   2) =     6.73299 eV ==== 
     psi = 0.712*[#   1]+0.060*[#   2]+0.060*[#   3]+0.060*[#   4]
    |psi|^2 = 0.893
==== e(   3) =     9.79653 eV ==== 
     psi = 0.263*[#   2]+0.263*[#   3]+0.263*[#   4]+0.103*[#   1]
    |psi|^2 = 0.890
==== e(   4) =    12.43067 eV ==== 
     psi = 0.257*[#   2]+0.257*[#   3]+0.257*[#   4]+0.131*[#   1]
    |psi|^2 = 0.902
==== e(   5) =    16.68958 eV ==== 
     psi = 0.055*[#   2]+0.055*[#   3]+0.055*[#   4]+0.017*[#   1]
    |psi|^2 = 0.182
==== e(   6) =    19.74661 eV ==== 
     psi = 0.033*[#   1]+0.025*[#   2]+0.025*[#   3]+0.025*[#   4]
    |psi|^2 = 0.107

 k =   0.3771236166  0.1885618083 -0.0000000000
==== e(   1) =    -0.01262 eV ==== 
     psi = 0.315*[#   1]+0.227*[#   2]+0.227*[#   3]+0.227*[#   4]
    |psi|^2 = 0.997
==== e(   2) =    11.31998 eV ==== 
     psi = 0.290*[#   2]+0.290*[#   3]+0.290*[#   4]
    |psi|^2 = 0.871
==== e(   3) =    12.76004 eV ==== 
     psi = 0.380*[#   1]+0.175*[#   2]+0.175*[#   3]+0.175*[#   4]
    |psi|^2 = 0.903
==== e(   4) =    16.01515 eV ==== 
     psi = 0.231*[#   1]+0.132*[#   2]+0.132*[#   3]+0.132*[#   4]
    |psi|^2 = 0.628
==== e(   5) =    20.18386 eV ==== 
     psi = 0.026*[#   2]+0.026*[#   3]+0.026*[#   4]
    |psi|^2 = 0.077
==== e(   6) =    21.95146 eV ==== 
     psi = 0.103*[#   2]+0.103*[#   3]+0.103*[#   4]+0.052*[#   1]
    |psi|^2 = 0.361

 k =   0.4242640687  0.2357022604 -0.0471404521
==== e(   1) =     1.04782 eV ==== 
     psi = 0.300*[#   1]+0.232*[#   2]+0.232*[#   3]+0.232*[#   4]
    |psi|^2 = 0.997
==== e(   2) =     9.49240 eV ==== 
     psi = 0.263*[#   2]+0.263*[#   3]+0.263*[#   4]+0.150*[#   1]
    |psi|^2 = 0.938
==== e(   3) =    12.16996 eV ==== 
     psi = 0.268*[#   1]+0.207*[#   2]+0.207*[#   3]+0.207*[#   4]
    |psi|^2 = 0.890
==== e(   4) =    14.83180 eV ==== 
     psi = 0.239*[#   1]+0.167*[#   2]+0.167*[#   3]+0.167*[#   4]
    |psi|^2 = 0.740
==== e(   5) =    20.68671 eV ==== 
     psi = 0.038*[#   2]+0.038*[#   3]+0.038*[#   4]+0.009*[#   1]
    |psi|^2 = 0.123
==== e(   6) =    23.04850 eV ==== 
     psi = 0.067*[#   2]+0.067*[#   3]+0.067*[#   4]+0.005*[#   1]
    |psi|^2 = 0.207

 k =  -0.2357022604 -0.4242640687  0.6128258770
==== e(   1) =     2.33226 eV ==== 
     psi = 0.293*[#   1]+0.234*[#   2]+0.234*[#   3]+0.234*[#   4]
    |psi|^2 = 0.996
==== e(   2) =     7.45625 eV ==== 
     psi = 0.264*[#   1]+0.236*[#   2]+0.236*[#   3]+0.236*[#   4]
    |psi|^2 = 0.970
==== e(   3) =    12.17806 eV ==== 
     psi = 0.232*[#   2]+0.232*[#   3]+0.232*[#   4]+0.168*[#   1]
    |psi|^2 = 0.864
==== e(   4) =    13.86614 eV ==== 
     psi = 0.247*[#   1]+0.193*[#   2]+0.193*[#   3]+0.193*[#   4]
    |psi|^2 = 0.826
==== e(   5) =    20.94149 eV ==== 
     psi = 0.047*[#   2]+0.047*[#   3]+0.047*[#   4]+0.009*[#   1]
    |psi|^2 = 0.150
==== e(   6) =    22.64781 eV ==== 
     psi = 0.025*[#   2]+0.025*[#   3]+0.025*[#   4]+0.006*[#   1]
    |psi|^2 = 0.082

 k =  -0.1885618083 -0.3771236166  0.5656854249
==== e(   1) =     3.82878 eV ==== 
     psi = 0.262*[#   1]+0.244*[#   2]+0.244*[#   3]+0.244*[#   4]
    |psi|^2 = 0.993
==== e(   2) =     5.56202 eV ==== 
     psi = 0.344*[#   1]+0.214*[#   2]+0.214*[#   3]+0.214*[#   4]
    |psi|^2 = 0.985
==== e(   3) =    12.41926 eV ==== 
     psi = 0.247*[#   2]+0.247*[#   3]+0.247*[#   4]+0.063*[#   1]
    |psi|^2 = 0.805
==== e(   4) =    13.16448 eV ==== 
     psi = 0.310*[#   1]+0.201*[#   2]+0.201*[#   3]+0.201*[#   4]
    |psi|^2 = 0.914
==== e(   5) =    21.27184 eV ==== 
     psi = 0.058*[#   2]+0.058*[#   3]+0.058*[#   4]+0.003*[#   1]
    |psi|^2 = 0.176
==== e(   6) =    21.97964 eV ==== 
     psi = 0.012*[#   2]+0.012*[#   3]+0.012*[#   4]+0.011*[#   1]
    |psi|^2 = 0.047

 k =   0.4714045208  0.1885618083 -0.0000000000
==== e(   1) =     1.39819 eV ==== 
     psi = 0.292*[#   1]+0.235*[#   2]+0.235*[#   3]+0.235*[#   4]
    |psi|^2 = 0.997
==== e(   2) =    10.42853 eV ==== 
     psi = 0.297*[#   2]+0.297*[#   3]+0.297*[#   4]
    |psi|^2 = 0.890
==== e(   3) =    11.82495 eV ==== 
     psi = 0.237*[#   2]+0.237*[#   3]+0.237*[#   4]+0.178*[#   1]
    |psi|^2 = 0.890
==== e(   4) =    13.03836 eV ==== 
     psi = 0.469*[#   1]+0.113*[#   2]+0.113*[#   3]+0.113*[#   4]
    |psi|^2 = 0.809
==== e(   5) =    19.33874 eV ==== 
     psi = 0.028*[#   2]+0.028*[#   3]+0.028*[#   4]
    |psi|^2 = 0.085
==== e(   6) =    21.26219 eV ==== 
     psi = 0.063*[#   2]+0.063*[#   3]+0.063*[#   4]+0.050*[#   1]
    |psi|^2 = 0.238

 k =  -0.1885618083 -0.4714045208  0.6599663291
==== e(   1) =     2.59990 eV ==== 
     psi = 0.280*[#   1]+0.239*[#   2]+0.239*[#   3]+0.239*[#   4]
    |psi|^2 = 0.995
==== e(   2) =     8.74235 eV ==== 
     psi = 0.279*[#   2]+0.279*[#   3]+0.279*[#   4]+0.115*[#   1]
    |psi|^2 = 0.951
==== e(   3) =    11.30744 eV ==== 
     psi = 0.269*[#   2]+0.269*[#   3]+0.269*[#   4]+0.042*[#   1]
    |psi|^2 = 0.851
==== e(   4) =    12.05197 eV ==== 
     psi = 0.528*[#   1]+0.129*[#   2]+0.129*[#   3]+0.129*[#   4]
    |psi|^2 = 0.914
==== e(   5) =    20.00651 eV ==== 
     psi = 0.030*[#   2]+0.030*[#   3]+0.030*[#   4]+0.008*[#   1]
    |psi|^2 = 0.098
==== e(   6) =    22.68432 eV ==== 
     psi = 0.036*[#   2]+0.036*[#   3]+0.036*[#   4]+0.016*[#   1]
    |psi|^2 = 0.123

 k =  -0.1414213562 -0.4242640687  0.6128258770
==== e(   1) =     4.01417 eV ==== 
     psi = 0.249*[#   1]+0.248*[#   2]+0.248*[#   3]+0.248*[#   4]
    |psi|^2 = 0.993
==== e(   2) =     6.85187 eV ==== 
     psi = 0.252*[#   2]+0.252*[#   3]+0.252*[#   4]+0.221*[#   1]
    |psi|^2 = 0.978
==== e(   3) =    10.93278 eV ==== 
     psi = 0.245*[#   2]+0.245*[#   3]+0.245*[#   4]+0.108*[#   1]
    |psi|^2 = 0.843
==== e(   4) =    11.75666 eV ==== 
     psi = 0.397*[#   1]+0.186*[#   2]+0.186*[#   3]+0.186*[#   4]
    |psi|^2 = 0.955
==== e(   5) =    20.42475 eV ==== 
     psi = 0.033*[#   2]+0.033*[#   3]+0.033*[#   4]+0.009*[#   1]
    |psi|^2 = 0.107
==== e(   6) =    23.96524 eV ==== 
     psi = 0.021*[#   2]+0.021*[#   3]+0.021*[#   4]
    |psi|^2 = 0.064

 k =  -0.0942809042 -0.3771236166  0.5656854249
==== e(   1) =     5.05785 eV ==== 
     psi = 0.284*[#   2]+0.284*[#   3]+0.284*[#   4]+0.140*[#   1]
    |psi|^2 = 0.991
==== e(   2) =     5.67018 eV ==== 
     psi = 0.342*[#   1]+0.214*[#   2]+0.214*[#   3]+0.214*[#   4]
    |psi|^2 = 0.985
==== e(   3) =    10.40269 eV ==== 
     psi = 0.230*[#   1]+0.221*[#   2]+0.221*[#   3]+0.221*[#   4]
    |psi|^2 = 0.894
==== e(   4) =    12.13634 eV ==== 
     psi = 0.267*[#   1]+0.216*[#   2]+0.216*[#   3]+0.216*[#   4]
    |psi|^2 = 0.915
==== e(   5) =    20.94326 eV ==== 
     psi = 0.033*[#   2]+0.033*[#   3]+0.033*[#   4]+0.007*[#   1]
    |psi|^2 = 0.106
==== e(   6) =    23.51588 eV ==== 
     psi = 0.014*[#   2]+0.014*[#   3]+0.014*[#   4]+0.003*[#   1]
    |psi|^2 = 0.045

 k =  -0.0471404521 -0.3299831646  0.5185449729
==== e(   1) =     3.52515 eV ==== 
     psi = 0.262*[#   1]+0.244*[#   2]+0.244*[#   3]+0.244*[#   4]
    |psi|^2 = 0.994
==== e(   2) =     7.40161 eV ==== 
     psi = 0.274*[#   2]+0.274*[#   3]+0.274*[#   4]+0.153*[#   1]
    |psi|^2 = 0.974
==== e(   3) =    10.10683 eV ==== 
     psi = 0.325*[#   1]+0.197*[#   2]+0.197*[#   3]+0.197*[#   4]
    |psi|^2 = 0.917
==== e(   4) =    12.80670 eV ==== 
     psi = 0.238*[#   1]+0.213*[#   2]+0.213*[#   3]+0.213*[#   4]
    |psi|^2 = 0.877
==== e(   5) =    21.61896 eV ==== 
     psi = 0.035*[#   2]+0.035*[#   3]+0.035*[#   4]+0.005*[#   1]
    |psi|^2 = 0.111
==== e(   6) =    23.03008 eV ==== 
     psi = 0.010*[#   2]+0.010*[#   3]+0.010*[#   4]+0.004*[#   1]
    |psi|^2 = 0.035

 k =   0.0000000000 -0.2828427125  0.4714045208
==== e(   1) =     2.17704 eV ==== 
     psi = 0.285*[#   1]+0.237*[#   2]+0.237*[#   3]+0.237*[#   4]
    |psi|^2 = 0.996
==== e(   2) =     8.94185 eV ==== 
     psi = 0.318*[#   2]+0.318*[#   3]+0.318*[#   4]
    |psi|^2 = 0.953
==== e(   3) =    10.44122 eV ==== 
     psi = 0.450*[#   1]+0.158*[#   2]+0.158*[#   3]+0.158*[#   4]
    |psi|^2 = 0.923
==== e(   4) =    13.71075 eV ==== 
     psi = 0.238*[#   1]+0.195*[#   2]+0.195*[#   3]+0.195*[#   4]
    |psi|^2 = 0.824
==== e(   5) =    22.26134 eV ==== 
     psi = 0.010*[#   2]+0.010*[#   3]+0.010*[#   4]
    |psi|^2 = 0.029
==== e(   6) =    22.41707 eV ==== 
     psi = 0.046*[#   2]+0.046*[#   3]+0.046*[#   4]+0.002*[#   1]
    |psi|^2 = 0.141

 k =  -0.1414213562 -0.5185449729  0.7071067812
==== e(   1) =     3.09397 eV ==== 
     psi = 0.271*[#   1]+0.241*[#   2]+0.241*[#   3]+0.241*[#   4]
    |psi|^2 = 0.993
==== e(   2) =     9.83388 eV ==== 
     psi = 0.300*[#   2]+0.300*[#   3]+0.300*[#   4]
    |psi|^2 = 0.899
==== e(   3) =    10.04671 eV ==== 
     psi = 0.213*[#   1]+0.208*[#   2]+0.208*[#   3]+0.208*[#   4]
    |psi|^2 = 0.836
==== e(   4) =    11.42958 eV ==== 
     psi = 0.471*[#   1]+0.169*[#   2]+0.169*[#   3]+0.169*[#   4]
    |psi|^2 = 0.978
==== e(   5) =    18.76378 eV ==== 
     psi = 0.030*[#   2]+0.030*[#   3]+0.030*[#   4]
    |psi|^2 = 0.090
==== e(   6) =    20.76578 eV ==== 
     psi = 0.038*[#   2]+0.038*[#   3]+0.038*[#   4]+0.037*[#   1]
    |psi|^2 = 0.152

 k =  -0.0942809042 -0.4714045208  0.6599663291
==== e(   1) =     4.41338 eV ==== 
     psi = 0.254*[#   2]+0.254*[#   3]+0.254*[#   4]+0.228*[#   1]
    |psi|^2 = 0.991
==== e(   2) =     8.27019 eV ==== 
     psi = 0.301*[#   2]+0.301*[#   3]+0.301*[#   4]+0.053*[#   1]
    |psi|^2 = 0.956
==== e(   3) =     9.21152 eV ==== 
     psi = 0.339*[#   1]+0.186*[#   2]+0.186*[#   3]+0.186*[#   4]
    |psi|^2 = 0.896
==== e(   4) =    11.08621 eV ==== 
     psi = 0.353*[#   1]+0.200*[#   2]+0.200*[#   3]+0.200*[#   4]
    |psi|^2 = 0.951
==== e(   5) =    19.58541 eV ==== 
     psi = 0.026*[#   2]+0.026*[#   3]+0.026*[#   4]+0.007*[#   1]
    |psi|^2 = 0.085
==== e(   6) =    22.34632 eV ==== 
     psi = 0.021*[#   2]+0.021*[#   3]+0.021*[#   4]+0.014*[#   1]
    |psi|^2 = 0.076

 k =  -0.0471404521 -0.4242640687  0.6128258770
==== e(   1) =     5.87388 eV ==== 
     psi = 0.297*[#   2]+0.297*[#   3]+0.297*[#   4]+0.097*[#   1]
    |psi|^2 = 0.987
==== e(   2) =     6.54838 eV ==== 
     psi = 0.264*[#   2]+0.264*[#   3]+0.264*[#   4]+0.191*[#   1]
    |psi|^2 = 0.982
==== e(   3) =     8.60520 eV ==== 
     psi = 0.426*[#   1]+0.166*[#   2]+0.166*[#   3]+0.166*[#   4]
    |psi|^2 = 0.924
==== e(   4) =    11.37973 eV ==== 
     psi = 0.265*[#   1]+0.222*[#   2]+0.222*[#   3]+0.222*[#   4]
    |psi|^2 = 0.930
==== e(   5) =    20.15377 eV ==== 
     psi = 0.027*[#   2]+0.027*[#   3]+0.027*[#   4]+0.008*[#   1]
    |psi|^2 = 0.090
==== e(   6) =    24.45301 eV ==== 
     psi = 0.011*[#   2]+0.011*[#   3]+0.011*[#   4]+0.003*[#   1]
    |psi|^2 = 0.038

 k =   0.0000000000 -0.3771236166  0.5656854249
==== e(   1) =     4.92809 eV ==== 
     psi = 0.261*[#   2]+0.261*[#   3]+0.261*[#   4]+0.209*[#   1]
    |psi|^2 = 0.991
==== e(   2) =     7.16053 eV ==== 
     psi = 0.328*[#   2]+0.328*[#   3]+0.328*[#   4]
    |psi|^2 = 0.984
==== e(   3) =     8.63286 eV ==== 
     psi = 0.533*[#   1]+0.132*[#   2]+0.132*[#   3]+0.132*[#   4]
    |psi|^2 = 0.929
==== e(   4) =    11.97224 eV ==== 
     psi = 0.238*[#   1]+0.224*[#   2]+0.224*[#   3]+0.224*[#   4]
    |psi|^2 = 0.909
==== e(   5) =    20.81615 eV ==== 
     psi = 0.029*[#   2]+0.029*[#   3]+0.029*[#   4]+0.008*[#   1]
    |psi|^2 = 0.094
==== e(   6) =    24.89557 eV ==== 
     psi = 0.004*[#   2]+0.004*[#   3]+0.004*[#   4]
    |psi|^2 = 0.011

 k =  -0.0471404521 -0.5185449729  0.7071067812
==== e(   1) =     4.98683 eV ==== 
     psi = 0.274*[#   2]+0.274*[#   3]+0.274*[#   4]+0.166*[#   1]
    |psi|^2 = 0.988
==== e(   2) =     7.64758 eV ==== 
     psi = 0.456*[#   1]+0.151*[#   2]+0.151*[#   3]+0.151*[#   4]
    |psi|^2 = 0.908
==== e(   3) =     9.53647 eV ==== 
     psi = 0.301*[#   2]+0.301*[#   3]+0.301*[#   4]
    |psi|^2 = 0.902
==== e(   4) =    11.08498 eV ==== 
     psi = 0.344*[#   1]+0.208*[#   2]+0.208*[#   3]+0.208*[#   4]
    |psi|^2 = 0.967
==== e(   5) =    18.47415 eV ==== 
     psi = 0.031*[#   2]+0.031*[#   3]+0.031*[#   4]
    |psi|^2 = 0.093
==== e(   6) =    20.50883 eV ==== 
     psi = 0.029*[#   1]+0.027*[#   2]+0.027*[#   3]+0.027*[#   4]
    |psi|^2 = 0.109

 k =   0.0000000000 -0.4714045208  0.6599663291
==== e(   1) =     5.97525 eV ==== 
     psi = 0.331*[#   2]+0.331*[#   3]+0.331*[#   4]
    |psi|^2 = 0.994
==== e(   2) =     7.30806 eV ==== 
     psi = 0.432*[#   1]+0.164*[#   2]+0.164*[#   3]+0.164*[#   4]
    |psi|^2 = 0.925
==== e(   3) =     8.20469 eV ==== 
     psi = 0.241*[#   1]+0.238*[#   2]+0.238*[#   3]+0.238*[#   4]
    |psi|^2 = 0.957
==== e(   4) =    10.91777 eV ==== 
     psi = 0.302*[#   1]+0.214*[#   2]+0.214*[#   3]+0.214*[#   4]
    |psi|^2 = 0.945
==== e(   5) =    19.44353 eV ==== 
     psi = 0.025*[#   2]+0.025*[#   3]+0.025*[#   4]+0.006*[#   1]
    |psi|^2 = 0.081
==== e(   6) =    22.22684 eV ==== 
     psi = 0.016*[#   2]+0.016*[#   3]+0.016*[#   4]+0.013*[#   1]
    |psi|^2 = 0.061

 k =  -0.1414213562 -0.4242640687  0.7071067812
==== e(   1) =     3.86211 eV ==== 
     psi = 0.249*[#   1]+0.248*[#   2]+0.248*[#   3]+0.248*[#   4]
    |psi|^2 = 0.993
==== e(   2) =     8.34779 eV ==== 
     psi = 0.321*[#   2]+0.321*[#   3]+0.321*[#   4]
    |psi|^2 = 0.962
==== e(   3) =     9.75942 eV ==== 
     psi = 0.231*[#   2]+0.231*[#   3]+0.231*[#   4]+0.229*[#   1]
    |psi|^2 = 0.922
==== e(   4) =    11.01927 eV ==== 
     psi = 0.501*[#   1]+0.143*[#   2]+0.143*[#   3]+0.143*[#   4]
    |psi|^2 = 0.930
==== e(   5) =    21.70838 eV ==== 
     psi = 0.010*[#   2]+0.010*[#   3]+0.010*[#   4]
    |psi|^2 = 0.030
==== e(   6) =    23.09149 eV ==== 
     psi = 0.038*[#   2]+0.038*[#   3]+0.038*[#   4]+0.006*[#   1]
    |psi|^2 = 0.119

 k =  -0.0942809042 -0.3771236166  0.6599663291
==== e(   1) =     5.32013 eV ==== 
     psi = 0.270*[#   2]+0.270*[#   3]+0.270*[#   4]+0.181*[#   1]
    |psi|^2 = 0.989
==== e(   2) =     6.95144 eV ==== 
     psi = 0.281*[#   2]+0.281*[#   3]+0.281*[#   4]+0.138*[#   1]
    |psi|^2 = 0.980
==== e(   3) =     9.51272 eV ==== 
     psi = 0.279*[#   2]+0.279*[#   3]+0.279*[#   4]+0.073*[#   1]
    |psi|^2 = 0.911
==== e(   4) =    10.34163 eV ==== 
     psi = 0.591*[#   1]+0.125*[#   2]+0.125*[#   3]+0.125*[#   4]
    |psi|^2 = 0.966
==== e(   5) =    22.54433 eV ==== 
     psi = 0.019*[#   2]+0.019*[#   3]+0.019*[#   4]+0.001*[#   1]
    |psi|^2 = 0.058
==== e(   6) =    23.25616 eV ==== 
     psi = 0.011*[#   2]+0.011*[#   3]+0.011*[#   4]+0.003*[#   1]
    |psi|^2 = 0.036

 k =  -0.0471404521 -0.4242640687  0.7071067812
==== e(   1) =     5.73733 eV ==== 
     psi = 0.286*[#   2]+0.286*[#   3]+0.286*[#   4]+0.132*[#   1]
    |psi|^2 = 0.988
==== e(   2) =     8.05084 eV ==== 
     psi = 0.322*[#   2]+0.322*[#   3]+0.322*[#   4]
    |psi|^2 = 0.966
==== e(   3) =     8.32881 eV ==== 
     psi = 0.250*[#   2]+0.250*[#   3]+0.250*[#   4]+0.176*[#   1]
    |psi|^2 = 0.927
==== e(   4) =     9.72111 eV ==== 
     psi = 0.673*[#   1]+0.102*[#   2]+0.102*[#   3]+0.102*[#   4]
    |psi|^2 = 0.979
==== e(   5) =    21.42606 eV ==== 
     psi = 0.010*[#   2]+0.010*[#   3]+0.010*[#   4]
    |psi|^2 = 0.031
==== e(   6) =    23.01356 eV ==== 
     psi = 0.021*[#   2]+0.021*[#   3]+0.021*[#   4]+0.009*[#   1]
    |psi|^2 = 0.071

 k =  -0.0000000000 -0.3771236166  0.6599663291
==== e(   1) =     6.77245 eV ==== 
     psi = 0.303*[#   2]+0.303*[#   3]+0.303*[#   4]+0.071*[#   1]
    |psi|^2 = 0.981
==== e(   2) =     6.86402 eV ==== 
     psi = 0.329*[#   2]+0.329*[#   3]+0.329*[#   4]
    |psi|^2 = 0.987
==== e(   3) =     8.24236 eV ==== 
     psi = 0.315*[#   1]+0.207*[#   2]+0.207*[#   3]+0.207*[#   4]
    |psi|^2 = 0.937
==== e(   4) =     9.67168 eV ==== 
     psi = 0.597*[#   1]+0.124*[#   2]+0.124*[#   3]+0.124*[#   4]
    |psi|^2 = 0.969
==== e(   5) =    22.44934 eV ==== 
     psi = 0.013*[#   2]+0.013*[#   3]+0.013*[#   4]+0.002*[#   1]
    |psi|^2 = 0.041
==== e(   6) =    24.58542 eV ==== 
     psi = 0.014*[#   2]+0.014*[#   3]+0.014*[#   4]
    |psi|^2 = 0.043

Lowdin Charges: 

     Atom #   1: total charge =   2.9558, s =  0.9282, 
     Atom #   1: total charge =   2.9558, p =  2.0276, pz=  0.6759, px=  0.6759, py=  0.6759, 
     Spilling Parameter:   0.0147

     PROJWFC      :      0.13s CPU      0.14s WALL


   This run was terminated on:  12:25:41  27Aug2026            

=------------------------------------------------------------------------------=
   JOB DONE.
=------------------------------------------------------------------------------=
Note: The following floating-point exceptions are signalling: IEEE_INVALID_FLAG
Note: The following floating-point exceptions are signalling: IEEE_INVALID_FLAG
Note: The following floating-point exceptions are signalling: IEEE_INVALID_FLAG
Note: The following floating-point exceptions are signalling: IEEE_INVALID_FLAG
